Archive member included to satisfy reference by file (symbol)

app/libapp.a(main.c.obj)      (--whole-archive)
app/libapp.a(io.c.obj)        (--whole-archive)
app/libapp.a(flash_map_extended.c.obj)
                              (--whole-archive)
app/libapp.a(os.c.obj)        (--whole-archive)
app/libapp.a(keys.c.obj)      (--whole-archive)
app/libapp.a(image_validate.c.obj)
                              (--whole-archive)
app/libapp.a(bootutil_find_key.c.obj)
                              (--whole-archive)
app/libapp.a(bootutil_img_hash.c.obj)
                              (--whole-archive)
app/libapp.a(bootutil_img_security_cnt.c.obj)
                              (--whole-archive)
app/libapp.a(tlv.c.obj)       (--whole-archive)
app/libapp.a(encrypted.c.obj)
                              (--whole-archive)
app/libapp.a(image_rsa.c.obj)
                              (--whole-archive)
app/libapp.a(image_ecdsa.c.obj)
                              (--whole-archive)
app/libapp.a(image_ed25519.c.obj)
                              (--whole-archive)
app/libapp.a(bootutil_misc.c.obj)
                              (--whole-archive)
app/libapp.a(fault_injection_hardening.c.obj)
                              (--whole-archive)
app/libapp.a(loader.c.obj)    (--whole-archive)
app/libapp.a(swap_misc.c.obj)
                              (--whole-archive)
app/libapp.a(caps.c.obj)      (--whole-archive)
app/libapp.a(swap_scratch.c.obj)
                              (--whole-archive)
app/libapp.a(ram_load.c.obj)  (--whole-archive)
app/libapp.a(autogen-pubkey.c.obj)
                              (--whole-archive)
app/libapp.a(arm_cortex_m.c.obj)
                              (--whole-archive)
app/libapp.a(ram_load.c.obj)  (--whole-archive)
zephyr/libzephyr.a(validate_libc.c.obj)
                              (--whole-archive)
zephyr/libzephyr.a(heap.c.obj)
                              (--whole-archive)
zephyr/libzephyr.a(cbprintf_packaged.c.obj)
                              (--whole-archive)
zephyr/libzephyr.a(clock.c.obj)
                              (--whole-archive)
zephyr/libzephyr.a(printk.c.obj)
                              (--whole-archive)
zephyr/libzephyr.a(sem.c.obj)
                              (--whole-archive)
zephyr/libzephyr.a(thread_entry.c.obj)
                              (--whole-archive)
zephyr/libzephyr.a(cbprintf_nano.c.obj)
                              (--whole-archive)
zephyr/libzephyr.a(assert.c.obj)
                              (--whole-archive)
zephyr/libzephyr.a(dec.c.obj)
                              (--whole-archive)
zephyr/libzephyr.a(hex.c.obj)
                              (--whole-archive)
zephyr/libzephyr.a(rb.c.obj)  (--whole-archive)
zephyr/libzephyr.a(timeutil.c.obj)
                              (--whole-archive)
zephyr/libzephyr.a(bitarray.c.obj)
                              (--whole-archive)
zephyr/libzephyr.a(bitmask.c.obj)
                              (--whole-archive)
zephyr/libzephyr.a(ring_buffer.c.obj)
                              (--whole-archive)
zephyr/libzephyr.a(last_section_id.c.obj)
                              (--whole-archive)
zephyr/libzephyr.a(configs.c.obj)
                              (--whole-archive)
zephyr/libzephyr.a(stm32cube_hal.c.obj)
                              (--whole-archive)
zephyr/libzephyr.a(soc_config.c.obj)
                              (--whole-archive)
zephyr/libzephyr.a(stm32_cache.c.obj)
                              (--whole-archive)
zephyr/libzephyr.a(stm32_backup_domain.c.obj)
                              (--whole-archive)
zephyr/libzephyr.a(soc.c.obj)
                              (--whole-archive)
zephyr/libzephyr.a(log_minimal.c.obj)
                              (--whole-archive)
zephyr/libzephyr.a(mem_attr.c.obj)
                              (--whole-archive)
zephyr/libzephyr.a(flash_map.c.obj)
                              (--whole-archive)
zephyr/libzephyr.a(flash_map_default.c.obj)
                              (--whole-archive)
zephyr/libzephyr.a(flash_map_layout.c.obj)
                              (--whole-archive)
zephyr/libzephyr.a(tracing_none.c.obj)
                              (--whole-archive)
zephyr/libzephyr.a(flash_util.c.obj)
                              (--whole-archive)
zephyr/libzephyr.a(banner.c.obj)
                              (--whole-archive)
zephyr/arch/common/libarch__common.a(sw_isr_common.c.obj)
                              (--whole-archive)
zephyr/arch/common/libarch__common.a(init.c.obj)
                              (--whole-archive)
zephyr/arch/arch/arm/core/libarch__arm__core.a(fatal.c.obj)
                              (--whole-archive)
zephyr/arch/arch/arm/core/libarch__arm__core.a(nmi.c.obj)
                              (--whole-archive)
zephyr/arch/arch/arm/core/libarch__arm__core.a(nmi_on_reset.S.obj)
                              (--whole-archive)
zephyr/arch/arch/arm/core/libarch__arm__core.a(tls.c.obj)
                              (--whole-archive)
[...]
Memory Configuration

Name             Origin             Length             Attributes
FLASH            0x0000000034180400 0x0000000000040000 xr
RAM              0x0000000034180400 0x000000000007fc00 xw
AXISRAM1         0x0000000034000000 0x0000000000200000 rw
AXISRAM2         0x0000000034180400 0x000000000007fc00 rw
PSRAM            0x0000000090000000 0x0000000001ffffe0 rw
IDT_LIST         0x00000000ffff7fff 0x0000000000008000 xw
*default*        0x0000000000000000 0xffffffffffffffff

Linker script and memory map

                0x0000000034186864                vfprintf = __m_vfprintf
                0x0000000000000000                vfscanf = __m_vfscanf
LOAD zephyr/CMakeFiles/zephyr_pre0.dir/misc/empty_file.c.obj
LOAD zephyr/CMakeFiles/offsets.dir/./arch/arm/core/offsets/offsets.c.obj
LOAD app/libapp.a
LOAD zephyr/libzephyr.a
LOAD zephyr/arch/common/libarch__common.a
LOAD zephyr/arch/arch/arm/core/libarch__arm__core.a
LOAD zephyr/arch/arch/arm/core/cortex_m/libarch__arm__core__cortex_m.a
LOAD zephyr/arch/arch/arm/core/cortex_m/cmse/libarch__arm__core__cortex_m__cmse.a
LOAD zephyr/arch/arch/arm/core/mpu/libarch__arm__core__mpu.a
LOAD zephyr/lib/libc/picolibc/liblib__libc__picolibc.a
LOAD zephyr/lib/libc/common/liblib__libc__common.a
LOAD zephyr/lib/posix/c_lib_ext/liblib__posix__c_lib_ext.a
LOAD zephyr/drivers/interrupt_controller/libdrivers__interrupt_controller.a
LOAD zephyr/drivers/clock_control/libdrivers__clock_control.a
LOAD zephyr/drivers/console/libdrivers__console.a
LOAD zephyr/drivers/flash/libdrivers__flash.a
LOAD zephyr/drivers/gpio/libdrivers__gpio.a
LOAD zephyr/drivers/pinctrl/libdrivers__pinctrl.a
LOAD zephyr/drivers/reset/libdrivers__reset.a
LOAD zephyr/drivers/serial/libdrivers__serial.a
LOAD zephyr/drivers/timer/libdrivers__timer.a
LOAD modules/hal_stm32/stm32cube/lib..__modules__hal__stm32__stm32cube.a
LOAD modules/mbedtls/libmbedTLSBase.a
LOAD modules/mbedtls/libmbedTLSCrypto.a
LOAD modules/mbedtls/libmbedTLSX509.a
LOAD modules/mbedtls/libmodules__mbedtls.a
LOAD modules/mcuboot/libmcuboot_util.a
LOAD zephyr/kernel/libkernel.a
LOAD zephyr/arch/common/libisr_tables.a
LOAD modules/mbedtls/libmbedTLSBase.a
LOAD modules/mbedtls/libmbedTLSCrypto.a
LOAD modules/mbedtls/libmbedTLSX509.a
LOAD /home/a.paleczny/zephyr-sdk-0.17.4/arm-zephyr-eabi/bin/../lib/gcc/../../picolibc/arm-zephyr-eabi/lib/thumb/v8-m.main/nofp/libc.a
LOAD /home/a.paleczny/zephyr-sdk-0.17.4/arm-zephyr-eabi/bin/../lib/gcc/arm-zephyr-eabi/12.2.0/thumb/v8-m.main/nofp/libgcc.a
                0x0000000000000020                _region_min_align = 0x20

.rel.plt        0x0000000034180400        0x0
 *(SORT_BY_ALIGNMENT(.rel.plt))
                [!provide]                        PROVIDE (__rel_iplt_start = .)
 *(SORT_BY_ALIGNMENT(.rel.iplt))
 .rel.iplt      0x0000000034180400        0x0 app/libapp.a(main.c.obj)
                [!provide]                        PROVIDE (__rel_iplt_end = .)

.rela.plt       0x0000000000000000        0x0
 *(SORT_BY_ALIGNMENT(.rela.plt))
                [!provide]                        PROVIDE (__rela_iplt_start = .)
 *(SORT_BY_ALIGNMENT(.rela.iplt))
                [!provide]                        PROVIDE (__rela_iplt_end = .)

.rel.dyn
 *(SORT_BY_ALIGNMENT(.rel.*))

.rela.dyn
 *(SORT_BY_ALIGNMENT(.rela.*))

/DISCARD/
 *(SORT_BY_ALIGNMENT(.plt))

/DISCARD/
 *(SORT_BY_ALIGNMENT(.iplt))
                0x0000000034180400                __rom_region_start = 0x34180400

rom_start       0x0000000034180400      0x348
                0x0000000034180400                __rom_start_address = .
 FILL mask 0x00
                0x0000000034180400                . = (. + (0x0 - (. - __rom_start_address)))
                0x0000000034180400                . = ALIGN (0x4)
                0x0000000034180400                . = ALIGN (0x80)
                0x0000000034180400                . = ALIGN (0x400)
                0x0000000034180400                _vector_start = .
 *(SORT_BY_ALIGNMENT(.exc_vector_table))
 *(SORT_BY_ALIGNMENT(.exc_vector_table.*))
 .exc_vector_table._vector_table_section
                0x0000000034180400       0x40 zephyr/arch/arch/arm/core/cortex_m/libarch__arm__core__cortex_m.a(vector_table.S.obj)
                0x0000000034180400                _vector_table
 *(SORT_BY_ALIGNMENT(.vectors))
                0x0000000034180748                _vector_end = .
                0x0000000034180440                . = ALIGN (0x4)
 *(SORT_BY_ALIGNMENT(.gnu.linkonce.irq_vector_table*))
 .gnu.linkonce.irq_vector_table
                0x0000000034180440      0x308 zephyr/arch/common/libisr_tables.a(isr_tables.c.obj)
                0x0000000034180440                _irq_vector_table
                0x0000000034180748                _vector_end = .

text            0x0000000034180748     0x90b4
                0x0000000034180748                __text_region_start = .
 *(SORT_BY_ALIGNMENT(.text))
 .text          0x0000000034180748      0x21c /home/a.paleczny/zephyr-sdk-0.17.4/arm-zephyr-eabi/bin/../lib/gcc/arm-zephyr-eabi/12.2.0/thumb/v8-m.main/nofp/libgcc.a(_arm_addsubsf3.o)
                0x0000000034180748                __aeabi_frsub
                0x0000000034180750                __subsf3
                0x0000000034180750                __aeabi_fsub
                0x0000000034180754                __aeabi_fadd
                0x0000000034180754                __addsf3
                0x00000000341808b4                __aeabi_ui2f
                0x00000000341808b4                __floatunsisf
                0x00000000341808bc                __aeabi_i2f
                0x00000000341808bc                __floatsisf
                0x00000000341808d8                __floatundisf
                0x00000000341808d8                __aeabi_ul2f
                0x00000000341808e8                __floatdisf
                0x00000000341808e8                __aeabi_l2f
 .text          0x0000000034180964      0x2a0 /home/a.paleczny/zephyr-sdk-0.17.4/arm-zephyr-eabi/bin/../lib/gcc/arm-zephyr-eabi/12.2.0/thumb/v8-m.main/nofp/libgcc.a(_arm_muldivsf3.o)
                0x0000000034180964                __mulsf3
                0x0000000034180964                __aeabi_fmul
                0x0000000034180acc                __divsf3
                0x0000000034180acc                __aeabi_fdiv
 .text          0x0000000034180c04       0x40 /home/a.paleczny/zephyr-sdk-0.17.4/arm-zephyr-eabi/bin/../lib/gcc/arm-zephyr-eabi/12.2.0/thumb/v8-m.main/nofp/libgcc.a(_arm_fixunssfsi.o)
                0x0000000034180c04                __aeabi_f2uiz
                0x0000000034180c04                __fixunssfsi
 .text          0x0000000034180c44       0x30 /home/a.paleczny/zephyr-sdk-0.17.4/arm-zephyr-eabi/bin/../lib/gcc/arm-zephyr-eabi/12.2.0/thumb/v8-m.main/nofp/libgcc.a(_aeabi_uldivmod.o)
                0x0000000034180c44                __aeabi_uldivmod
 .text          0x0000000034180c74        0x4 /home/a.paleczny/zephyr-sdk-0.17.4/arm-zephyr-eabi/bin/../lib/gcc/arm-zephyr-eabi/12.2.0/thumb/v8-m.main/nofp/libgcc.a(_dvmd_tls.o)
                0x0000000034180c74                __aeabi_ldiv0
                0x0000000034180c74                __aeabi_idiv0
 .text          0x0000000034180c78      0x29c /home/a.paleczny/zephyr-sdk-0.17.4/arm-zephyr-eabi/bin/../lib/gcc/arm-zephyr-eabi/12.2.0/thumb/v8-m.main/nofp/libgcc.a(_udivmoddi4.o)
                0x0000000034180c78                __udivmoddi4
 *(SORT_BY_ALIGNMENT(.text.*))
 .text.main     0x0000000034180f14       0xb4 app/libapp.a(main.c.obj)
                0x0000000034180f14                main
 .text.flash_area_id_from_multi_image_slot
                0x0000000034180fc8       0x24 app/libapp.a(flash_map_extended.c.obj)
                0x0000000034180fc8                flash_area_id_from_multi_image_slot
 .text.os_heap_init
                0x0000000034180fec       0x10 app/libapp.a(os.c.obj)
                0x0000000034180fec                os_heap_init
 .text.bootutil_img_validate
                0x0000000034180ffc      0x184 app/libapp.a(image_validate.c.obj)
                0x0000000034180ffc                bootutil_img_validate
 .text.bootutil_find_key
                0x0000000034181180       0x6c app/libapp.a(bootutil_find_key.c.obj)
                0x0000000034181180                bootutil_find_key
 .text.bootutil_cmp_rsasig
                0x00000000341811ec      0x128 app/libapp.a(image_rsa.c.obj)
 .text.bootutil_verify_sig
                0x0000000034181314       0xd0 app/libapp.a(image_rsa.c.obj)
                0x0000000034181314                bootutil_verify_sig
 .text.boot_is_header_valid.constprop.0
                0x00000000341813e4       0x34 app/libapp.a(loader.c.obj)
 .text.boot_get_loader_state
                0x0000000034181418        0x8 app/libapp.a(loader.c.obj)
                0x0000000034181418                boot_get_loader_state
 .text.boot_load_and_validate_images
                0x0000000034181420      0x150 app/libapp.a(loader.c.obj)
                0x0000000034181420                boot_load_and_validate_images
 .text.context_boot_go
                0x0000000034181570      0x140 app/libapp.a(loader.c.obj)
                0x0000000034181570                context_boot_go
 .text.boot_go  0x00000000341816b0       0x18 app/libapp.a(loader.c.obj)
                0x00000000341816b0                boot_go
 .text.boot_load_image_to_sram
                0x00000000341816c8       0xc0 app/libapp.a(ram_load.c.obj)
                0x00000000341816c8                boot_load_image_to_sram
 .text.boot_remove_image_from_sram
                0x0000000034181788       0x28 app/libapp.a(ram_load.c.obj)
                0x0000000034181788                boot_remove_image_from_sram
 .text.boot_remove_image_from_flash
                0x00000000341817b0       0x30 app/libapp.a(ram_load.c.obj)
                0x00000000341817b0                boot_remove_image_from_flash
 .text.cleanup_arm_interrupts
                0x00000000341817e0       0x4c app/libapp.a(arm_cortex_m.c.obj)
                0x00000000341817e0                cleanup_arm_interrupts
 .text.char_out
                0x000000003418182c        0xc zephyr/libzephyr.a(printk.c.obj)
 .text.__printk_hook_install
                0x0000000034181838        0xc zephyr/libzephyr.a(printk.c.obj)
                0x0000000034181838                __printk_hook_install
 .text.vprintk  0x0000000034181844       0x30 zephyr/libzephyr.a(printk.c.obj)
                0x0000000034181844                vprintk
 .text.z_thread_entry
                0x0000000034181874       0x34 zephyr/libzephyr.a(thread_entry.c.obj)
                0x0000000034181874                z_thread_entry
 .text.st_stm32_common_config
                0x00000000341818a8       0x14 zephyr/libzephyr.a(soc_config.c.obj)
 .text.soc_early_init_hook
                0x00000000341818bc       0x68 zephyr/libzephyr.a(soc.c.obj)
                0x00000000341818bc                soc_early_init_hook
 .text.mem_attr_get_regions
                0x0000000034181924        0xc zephyr/libzephyr.a(mem_attr.c.obj)
                0x0000000034181924                mem_attr_get_regions
 .text.flash_area_open
                0x0000000034181930       0x54 zephyr/libzephyr.a(flash_map.c.obj)
                0x0000000034181930                flash_area_open
 .text.boot_banner
                0x0000000034181984       0x1c zephyr/libzephyr.a(banner.c.obj)
                0x0000000034181984                boot_banner
 .text.arch_bss_zero
                0x00000000341819a0       0x18 zephyr/arch/common/libarch__common.a(init.c.obj)
                0x00000000341819a0                arch_bss_zero
 .text.z_SysNmiOnReset
                0x00000000341819b8        0x8 zephyr/arch/arch/arm/core/libarch__arm__core.a(nmi_on_reset.S.obj)
                0x00000000341819b8                z_SysNmiOnReset
 .text.arch_tls_stack_setup
                0x00000000341819c0       0x40 zephyr/arch/arch/arm/core/libarch__arm__core.a(tls.c.obj)
                0x00000000341819c0                arch_tls_stack_setup
 .text._HandlerModeExit
                0x0000000034181a00       0x20 zephyr/arch/arch/arm/core/cortex_m/libarch__arm__core__cortex_m.a(exc_exit.c.obj)
                0x0000000034181a00                z_arm_exc_exit
                0x0000000034181a00                z_arm_int_exit
 .text.secure_fault.constprop.0
                0x0000000034181a20       0x74 zephyr/arch/arch/arm/core/cortex_m/libarch__arm__core__cortex_m.a(fault.c.obj)
 .text.usage_fault.constprop.0
                0x0000000034181a94       0x5c zephyr/arch/arch/arm/core/cortex_m/libarch__arm__core__cortex_m.a(fault.c.obj)
 .text.bus_fault.constprop.0
                0x0000000034181af0       0x6c zephyr/arch/arch/arm/core/cortex_m/libarch__arm__core__cortex_m.a(fault.c.obj)
 .text.mem_manage_fault.constprop.0
                0x0000000034181b5c       0x78 zephyr/arch/arch/arm/core/cortex_m/libarch__arm__core__cortex_m.a(fault.c.obj)
 .text.z_arm_fault
                0x0000000034181bd4      0x158 zephyr/arch/arch/arm/core/cortex_m/libarch__arm__core__cortex_m.a(fault.c.obj)
                0x0000000034181bd4                z_arm_fault
 .text.z_arm_fault_init
                0x0000000034181d2c       0x20 zephyr/arch/arch/arm/core/cortex_m/libarch__arm__core__cortex_m.a(fault.c.obj)
                0x0000000034181d2c                z_arm_fault_init
 .text.__fault  0x0000000034181d4c       0x14 zephyr/arch/arch/arm/core/cortex_m/libarch__arm__core__cortex_m.a(fault_s.S.obj)
                0x0000000034181d4c                z_arm_secure_fault
                0x0000000034181d4c                z_arm_bus_fault
                0x0000000034181d4c                z_arm_usage_fault
                0x0000000034181d4c                z_arm_mpu_fault
                0x0000000034181d4c                z_arm_exc_spurious
                0x0000000034181d4c                z_arm_debug_monitor
                0x0000000034181d4c                z_arm_hard_fault
 .text._reset_section
                0x0000000034181d60       0x60 zephyr/arch/arch/arm/core/cortex_m/libarch__arm__core__cortex_m.a(reset.S.obj)
                0x0000000034181d60                z_arm_reset
                0x0000000034181d60                __start
 .text.z_arm_clear_arm_mpu_config
                0x0000000034181dc0       0x28 zephyr/arch/arch/arm/core/cortex_m/libarch__arm__core__cortex_m.a(scb.c.obj)
                0x0000000034181dc0                z_arm_clear_arm_mpu_config
 .text.z_arm_init_arch_hw_at_boot
                0x0000000034181de8       0x5c zephyr/arch/arch/arm/core/cortex_m/libarch__arm__core__cortex_m.a(scb.c.obj)
                0x0000000034181de8                z_arm_init_arch_hw_at_boot
 .text.z_impl_k_thread_abort
                0x0000000034181e44       0x2c zephyr/arch/arch/arm/core/cortex_m/libarch__arm__core__cortex_m.a(thread_abort.c.obj)
                0x0000000034181e44                z_impl_k_thread_abort
 .text.z_arm_pendsv
                0x0000000034181e70       0x60 zephyr/arch/arch/arm/core/cortex_m/libarch__arm__core__cortex_m.a(swap_helper.S.obj)
                0x0000000034181e70                z_arm_pendsv
 .text.z_arm_svc
                0x0000000034181ed0       0x24 zephyr/arch/arch/arm/core/cortex_m/libarch__arm__core__cortex_m.a(swap_helper.S.obj)
                0x0000000034181ed0                z_arm_svc
 .text.arm_irq_enable
                0x0000000034181ef4       0x1c zephyr/arch/arch/arm/core/cortex_m/libarch__arm__core__cortex_m.a(irq_manage.c.obj)
                0x0000000034181ef4                arm_irq_enable
 .text.arm_irq_priority_set
                0x0000000034181f10       0x2c zephyr/arch/arch/arm/core/cortex_m/libarch__arm__core__cortex_m.a(irq_manage.c.obj)
                0x0000000034181f10                arm_irq_priority_set
 .text.relocate_vector_table
                0x0000000034181f3c       0x1c zephyr/arch/arch/arm/core/cortex_m/libarch__arm__core__cortex_m.a(prep_c.c.obj)
                0x0000000034181f3c                relocate_vector_table
 .text.z_prep_c
                0x0000000034181f58       0x24 zephyr/arch/arch/arm/core/cortex_m/libarch__arm__core__cortex_m.a(prep_c.c.obj)
                0x0000000034181f58                z_prep_c
 .text.arch_new_thread
                0x0000000034181f7c       0x38 zephyr/arch/arch/arm/core/cortex_m/libarch__arm__core__cortex_m.a(thread.c.obj)
                0x0000000034181f7c                arch_new_thread
 .text.arch_switch_to_main_thread
                0x0000000034181fb4       0x40 zephyr/arch/arch/arm/core/cortex_m/libarch__arm__core__cortex_m.a(thread.c.obj)
                0x0000000034181fb4                arch_switch_to_main_thread
 .text.z_arm_cpu_idle_init
                0x0000000034181ff4        0xc zephyr/arch/arch/arm/core/cortex_m/libarch__arm__core__cortex_m.a(cpu_idle.c.obj)
                0x0000000034181ff4                z_arm_cpu_idle_init
 .text.z_arm_interrupt_init
                0x0000000034182000       0x24 zephyr/arch/arch/arm/core/cortex_m/libarch__arm__core__cortex_m.a(irq_init.c.obj)
                0x0000000034182000                z_arm_interrupt_init
 .text._isr_wrapper
                0x0000000034182024       0x24 zephyr/arch/arch/arm/core/cortex_m/libarch__arm__core__cortex_m.a(isr_wrapper.c.obj)
                0x0000000034182024                _isr_wrapper
 .text.z_arm_configure_static_mpu_regions
                0x0000000034182048       0x3c zephyr/arch/arch/arm/core/mpu/libarch__arm__core__mpu.a(arm_core_mpu.c.obj)
                0x0000000034182048                z_arm_configure_static_mpu_regions
 .text.region_init
                0x0000000034182084       0x40 zephyr/arch/arch/arm/core/mpu/libarch__arm__core__mpu.a(arm_mpu.c.obj)
 .text.region_allocate_and_init
                0x00000000341820c4       0x24 zephyr/arch/arch/arm/core/mpu/libarch__arm__core__mpu.a(arm_mpu.c.obj)
 .text.mpu_configure_regions_and_partition.constprop.0
                0x00000000341820e8      0x158 zephyr/arch/arch/arm/core/mpu/libarch__arm__core__mpu.a(arm_mpu.c.obj)
 .text.arm_core_mpu_enable
                0x0000000034182240       0x18 zephyr/arch/arch/arm/core/mpu/libarch__arm__core__mpu.a(arm_mpu.c.obj)
                0x0000000034182240                arm_core_mpu_enable
 .text.arm_core_mpu_disable
                0x0000000034182258       0x14 zephyr/arch/arch/arm/core/mpu/libarch__arm__core__mpu.a(arm_mpu.c.obj)
                0x0000000034182258                arm_core_mpu_disable
 .text.arm_core_mpu_configure_static_mpu_regions
                0x000000003418226c       0x14 zephyr/arch/arch/arm/core/mpu/libarch__arm__core__mpu.a(arm_mpu.c.obj)
                0x000000003418226c                arm_core_mpu_configure_static_mpu_regions
 .text.arm_core_mpu_mark_areas_for_dynamic_regions
                0x0000000034182280       0xc0 zephyr/arch/arch/arm/core/mpu/libarch__arm__core__mpu.a(arm_mpu.c.obj)
                0x0000000034182280                arm_core_mpu_mark_areas_for_dynamic_regions
 .text.z_arm_mpu_init
                0x0000000034182340      0x170 zephyr/arch/arch/arm/core/mpu/libarch__arm__core__mpu.a(arm_mpu.c.obj)
                0x0000000034182340                z_arm_mpu_init
 .text._exit    0x00000000341824b0       0x10 zephyr/lib/libc/picolibc/liblib__libc__picolibc.a(exit.c.obj)
                0x00000000341824b0                _exit
 .text.z_impl_zephyr_fputc
                0x00000000341824c0       0x10 zephyr/lib/libc/picolibc/liblib__libc__picolibc.a(stdio.c.obj)
                0x00000000341824c0                z_impl_zephyr_fputc
 .text.__stdout_hook_install
                0x00000000341824d0       0x18 zephyr/lib/libc/picolibc/liblib__libc__picolibc.a(stdio.c.obj)
                0x00000000341824d0                __stdout_hook_install
 .text.abort    0x00000000341824e8       0x1c zephyr/lib/libc/common/liblib__libc__common.a(abort.c.obj)
                0x00000000341824e8                abort
 .text.calloc   0x0000000034182504       0x18 zephyr/lib/libc/common/liblib__libc__common.a(malloc.c.obj)
                0x0000000034182504                calloc
 .text.stm32_intc_gpio_isr
                0x000000003418251c       0x4c zephyr/drivers/interrupt_controller/libdrivers__interrupt_controller.a(intc_gpio_stm32.c.obj)
 .text.stm32_fill_irq_table.constprop.0
                0x0000000034182568        0xc zephyr/drivers/interrupt_controller/libdrivers__interrupt_controller.a(intc_gpio_stm32.c.obj)
 .text.stm32_gpio_intc_enable_line
                0x0000000034182574       0x30 zephyr/drivers/interrupt_controller/libdrivers__interrupt_controller.a(intc_gpio_stm32.c.obj)
                0x0000000034182574                stm32_gpio_intc_enable_line
 .text.stm32_gpio_intc_disable_line
                0x00000000341825a4       0x14 zephyr/drivers/interrupt_controller/libdrivers__interrupt_controller.a(intc_gpio_stm32.c.obj)
                0x00000000341825a4                stm32_gpio_intc_disable_line
 .text.stm32_gpio_intc_select_line_trigger
                0x00000000341825b8       0x50 zephyr/drivers/interrupt_controller/libdrivers__interrupt_controller.a(intc_gpio_stm32.c.obj)
                0x00000000341825b8                stm32_gpio_intc_select_line_trigger
 .text.stm32_gpio_intc_set_irq_callback
                0x0000000034182608       0x40 zephyr/drivers/interrupt_controller/libdrivers__interrupt_controller.a(intc_gpio_stm32.c.obj)
                0x0000000034182608                stm32_gpio_intc_set_irq_callback
 .text.stm32_gpio_intc_remove_irq_callback
                0x0000000034182648       0x28 zephyr/drivers/interrupt_controller/libdrivers__interrupt_controller.a(intc_gpio_stm32.c.obj)
                0x0000000034182648                stm32_gpio_intc_remove_irq_callback
 .text.stm32_exti_get_line_src_port
                0x0000000034182670       0x24 zephyr/drivers/interrupt_controller/libdrivers__interrupt_controller.a(intc_gpio_stm32.c.obj)
                0x0000000034182670                stm32_exti_get_line_src_port
 .text.stm32_exti_init
                0x0000000034182694       0x38 zephyr/drivers/interrupt_controller/libdrivers__interrupt_controller.a(intc_exti_stm32.c.obj)
 .text.stm32_exti_is_pending
                0x00000000341826cc       0x58 zephyr/drivers/interrupt_controller/libdrivers__interrupt_controller.a(intc_exti_stm32.c.obj)
                0x00000000341826cc                stm32_exti_is_pending
 .text.stm32_exti_clear_pending
                0x0000000034182724       0x34 zephyr/drivers/interrupt_controller/libdrivers__interrupt_controller.a(intc_exti_stm32.c.obj)
                0x0000000034182724                stm32_exti_clear_pending
 .text.stm32_clk_mux_init
                0x0000000034182758       0x1c zephyr/drivers/clock_control/libdrivers__clock_control.a(clock_stm32_mux.c.obj)
 .text.enabled_clock
                0x0000000034182774       0x30 zephyr/drivers/clock_control/libdrivers__clock_control.a(clock_stm32_ll_n6.c.obj)
 .text.stm32_clock_control_on
                0x00000000341827a4       0x40 zephyr/drivers/clock_control/libdrivers__clock_control.a(clock_stm32_ll_n6.c.obj)
 .text.stm32_clock_control_off
                0x00000000341827e4       0x44 zephyr/drivers/clock_control/libdrivers__clock_control.a(clock_stm32_ll_n6.c.obj)
 .text.stm32_clock_control_init
                0x0000000034182828      0x568 zephyr/drivers/clock_control/libdrivers__clock_control.a(clock_stm32_ll_n6.c.obj)
                0x0000000034182828                stm32_clock_control_init
 .text.get_icout_frequency
                0x0000000034182d90       0x3c zephyr/drivers/clock_control/libdrivers__clock_control.a(clock_stm32_ll_n6.c.obj)
                0x0000000034182d90                get_icout_frequency
 .text.stm32_clock_control_get_subsys_rate
                0x0000000034182dcc      0x1bc zephyr/drivers/clock_control/libdrivers__clock_control.a(clock_stm32_ll_n6.c.obj)
 .text.uart_console_init
                0x0000000034182f88       0x28 zephyr/drivers/console/libdrivers__console.a(uart_console.c.obj)
 .text.console_out
                0x0000000034182fb0       0x28 zephyr/drivers/console/libdrivers__console.a(uart_console.c.obj)
 .text.xspi_prepare_cmd
                0x0000000034182fd8       0x8c zephyr/drivers/flash/libdrivers__flash.a(flash_stm32_xspi.c.obj)
 .text.flash_stm32_xspi_get_parameters
                0x0000000034183064        0x8 zephyr/drivers/flash/libdrivers__flash.a(flash_stm32_xspi.c.obj)
 .text.flash_stm32_xspi_erase
                0x000000003418306c      0x254 zephyr/drivers/flash/libdrivers__flash.a(flash_stm32_xspi.c.obj)
 .text.flash_stm32_xspi_init
                0x00000000341832c0      0x770 zephyr/drivers/flash/libdrivers__flash.a(flash_stm32_xspi.c.obj)
 .text.gpio_stm32_pin_interrupt_configure
                0x0000000034183a30       0xb0 zephyr/drivers/gpio/libdrivers__gpio.a(gpio_stm32.c.obj)
 .text.gpio_stm32_init
                0x0000000034183ae0       0x38 zephyr/drivers/gpio/libdrivers__gpio.a(gpio_stm32.c.obj)
 .text.pinctrl_configure_pins
                0x0000000034183b18      0x12c zephyr/drivers/pinctrl/libdrivers__pinctrl.a(pinctrl_stm32.c.obj)
                0x0000000034183b18                pinctrl_configure_pins
 .text.uart_stm32_parameters_set
                0x0000000034183c44      0x13c zephyr/drivers/serial/libdrivers__serial.a(uart_stm32.c.obj)
 .text.uart_stm32_configure
                0x0000000034183d80      0x214 zephyr/drivers/serial/libdrivers__serial.a(uart_stm32.c.obj)
 .text.uart_stm32_init
                0x0000000034183f94      0x214 zephyr/drivers/serial/libdrivers__serial.a(uart_stm32.c.obj)
 .text.elapsed  0x00000000341841a8       0x4c zephyr/drivers/timer/libdrivers__timer.a(cortex_m_systick.c.obj)
 .text.sys_clock_driver_init
                0x00000000341841f4       0x38 zephyr/drivers/timer/libdrivers__timer.a(cortex_m_systick.c.obj)
 .text.sys_clock_isr
                0x000000003418422c       0x60 zephyr/drivers/timer/libdrivers__timer.a(cortex_m_systick.c.obj)
                0x000000003418422c                sys_clock_isr
 .text.sys_clock_set_timeout
                0x000000003418428c       0xf8 zephyr/drivers/timer/libdrivers__timer.a(cortex_m_systick.c.obj)
                0x000000003418428c                sys_clock_set_timeout
 .text.sys_clock_elapsed
                0x0000000034184384       0x3c zephyr/drivers/timer/libdrivers__timer.a(cortex_m_systick.c.obj)
                0x0000000034184384                sys_clock_elapsed
 .text.sys_clock_cycle_get_32
                0x00000000341843c0       0x28 zephyr/drivers/timer/libdrivers__timer.a(cortex_m_systick.c.obj)
                0x00000000341843c0                sys_clock_cycle_get_32
 .text.SystemInit
                0x00000000341843e8      0x110 modules/hal_stm32/stm32cube/lib..__modules__hal__stm32__stm32cube.a(system_stm32n6xx_fsbl.c.obj)
                0x00000000341843e8                SystemInit
 .text.XSPI_ConfigCmd
                0x00000000341844f8      0x1c8 modules/hal_stm32/stm32cube/lib..__modules__hal__stm32__stm32cube.a(stm32n6xx_hal_xspi.c.obj)
 .text.HAL_XSPI_Init
                0x00000000341846c0      0x16c modules/hal_stm32/stm32cube/lib..__modules__hal__stm32__stm32cube.a(stm32n6xx_hal_xspi.c.obj)
                0x00000000341846c0                HAL_XSPI_Init
 .text.HAL_XSPI_IRQHandler
                0x000000003418482c      0x17c modules/hal_stm32/stm32cube/lib..__modules__hal__stm32__stm32cube.a(stm32n6xx_hal_xspi.c.obj)
                0x000000003418482c                HAL_XSPI_IRQHandler
 .text.HAL_XSPIM_Config
                0x00000000341849a8      0x1b0 modules/hal_stm32/stm32cube/lib..__modules__hal__stm32__stm32cube.a(stm32n6xx_hal_xspi.c.obj)
                0x00000000341849a8                HAL_XSPIM_Config
 .text.LL_RCC_HSE_IsReady
                0x0000000034184b58       0x10 modules/hal_stm32/stm32cube/lib..__modules__hal__stm32__stm32cube.a(stm32n6xx_ll_rcc.c.obj)
 .text.LL_RCC_HSI_IsReady
                0x0000000034184b68       0x10 modules/hal_stm32/stm32cube/lib..__modules__hal__stm32__stm32cube.a(stm32n6xx_ll_rcc.c.obj)
 .text.LL_RCC_MSI_IsReady
                0x0000000034184b78       0x10 modules/hal_stm32/stm32cube/lib..__modules__hal__stm32__stm32cube.a(stm32n6xx_ll_rcc.c.obj)
 .text.LL_RCC_IC15_IsEnabled
                0x0000000034184b88       0x10 modules/hal_stm32/stm32cube/lib..__modules__hal__stm32__stm32cube.a(stm32n6xx_ll_rcc.c.obj)
 .text.LL_RCC_IC15_GetDivider
                0x0000000034184b98       0x14 modules/hal_stm32/stm32cube/lib..__modules__hal__stm32__stm32cube.a(stm32n6xx_ll_rcc.c.obj)
 .text.LL_RCC_GetPLL1ClockFreq
                0x0000000034184bac       0xb4 modules/hal_stm32/stm32cube/lib..__modules__hal__stm32__stm32cube.a(stm32n6xx_ll_rcc.c.obj)
                0x0000000034184bac                LL_RCC_GetPLL1ClockFreq
 .text.LL_RCC_GetPLL2ClockFreq
                0x0000000034184c60       0xb4 modules/hal_stm32/stm32cube/lib..__modules__hal__stm32__stm32cube.a(stm32n6xx_ll_rcc.c.obj)
                0x0000000034184c60                LL_RCC_GetPLL2ClockFreq
 .text.LL_RCC_GetPLL3ClockFreq
                0x0000000034184d14       0xb4 modules/hal_stm32/stm32cube/lib..__modules__hal__stm32__stm32cube.a(stm32n6xx_ll_rcc.c.obj)
                0x0000000034184d14                LL_RCC_GetPLL3ClockFreq
 .text.LL_RCC_GetPLL4ClockFreq
                0x0000000034184dc8       0xb4 modules/hal_stm32/stm32cube/lib..__modules__hal__stm32__stm32cube.a(stm32n6xx_ll_rcc.c.obj)
                0x0000000034184dc8                LL_RCC_GetPLL4ClockFreq
 .text.LL_RCC_GetCLKPClockFreq
                0x0000000034184e7c      0x104 modules/hal_stm32/stm32cube/lib..__modules__hal__stm32__stm32cube.a(stm32n6xx_ll_rcc.c.obj)
                0x0000000034184e7c                LL_RCC_GetCLKPClockFreq
 .text.mbedtls_ct_bool
                0x0000000034184f80       0x18 modules/mbedtls/libmbedTLSBase.a(bignum_core.c.obj)
 .text.mbedtls_mpi_core_cond_assign
                0x0000000034184f98       0x34 modules/mbedtls/libmbedTLSBase.a(bignum_core.c.obj)
                0x0000000034184f98                mbedtls_mpi_core_cond_assign
 .text.mbedtls_mpi_core_exp_mod_optionally_safe
                0x0000000034184fcc      0x1a0 modules/mbedtls/libmbedTLSBase.a(bignum_core.c.obj)
 .text.mbedtls_ct_mpi_sign_if
                0x000000003418516c       0x1c modules/mbedtls/libmbedTLSBase.a(bignum.c.obj)
 .text.mbedtls_mpi_div_mpi
                0x0000000034185188      0x330 modules/mbedtls/libmbedTLSBase.a(bignum.c.obj)
                0x0000000034185188                mbedtls_mpi_div_mpi
 .text.mbedtls_ct_memcpy_if
                0x00000000341854b8       0x80 modules/mbedtls/libmbedTLSBase.a(constant_time.c.obj)
                0x00000000341854b8                mbedtls_ct_memcpy_if
 .text.mbedtls_md_info_from_type
                0x0000000034185538       0x10 modules/mbedtls/libmbedTLSBase.a(md.c.obj)
                0x0000000034185538                mbedtls_md_info_from_type
 .text.verify_header
                0x0000000034185548       0x40 modules/mbedtls/libmbedTLSBase.a(memory_buffer_alloc.c.obj)
 .text.verify_chain
                0x0000000034185588       0x3c modules/mbedtls/libmbedTLSBase.a(memory_buffer_alloc.c.obj)
 .text.buffer_alloc_calloc
                0x00000000341855c4      0x114 modules/mbedtls/libmbedTLSBase.a(memory_buffer_alloc.c.obj)
 .text.buffer_alloc_free
                0x00000000341856d8      0x124 modules/mbedtls/libmbedTLSBase.a(memory_buffer_alloc.c.obj)
 .text.mbedtls_memory_buffer_alloc_init
                0x00000000341857fc       0x68 modules/mbedtls/libmbedTLSBase.a(memory_buffer_alloc.c.obj)
                0x00000000341857fc                mbedtls_memory_buffer_alloc_init
 .text.mbedtls_platform_zeroize
                0x0000000034185864       0x18 modules/mbedtls/libmbedTLSBase.a(platform_util.c.obj)
                0x0000000034185864                mbedtls_platform_zeroize
 .text.mbedtls_calloc
                0x000000003418587c        0xc modules/mbedtls/libmbedTLSBase.a(platform.c.obj)
                0x000000003418587c                mbedtls_calloc
 .text.mbedtls_free
                0x0000000034185888        0xc modules/mbedtls/libmbedTLSBase.a(platform.c.obj)
                0x0000000034185888                mbedtls_free
 .text.mbedtls_platform_set_calloc_free
                0x0000000034185894       0x14 modules/mbedtls/libmbedTLSBase.a(platform.c.obj)
                0x0000000034185894                mbedtls_platform_set_calloc_free
 .text.rsa_check_context.constprop.0
                0x00000000341858a8       0xb8 modules/mbedtls/libmbedTLSBase.a(rsa.c.obj)
 .text.mbedtls_rsa_set_padding
                0x0000000034185960       0x30 modules/mbedtls/libmbedTLSBase.a(rsa.c.obj)
                0x0000000034185960                mbedtls_rsa_set_padding
 .text.mbedtls_rsa_check_pubkey
                0x0000000034185990       0x4c modules/mbedtls/libmbedTLSBase.a(rsa.c.obj)
                0x0000000034185990                mbedtls_rsa_check_pubkey
 .text.mbedtls_rsa_public
                0x00000000341859dc       0x90 modules/mbedtls/libmbedTLSBase.a(rsa.c.obj)
                0x00000000341859dc                mbedtls_rsa_public
 .text.mbedtls_sha256_starts
                0x0000000034185a6c       0x5c modules/mbedtls/libmbedTLSBase.a(sha256.c.obj)
                0x0000000034185a6c                mbedtls_sha256_starts
 .text.mbedtls_internal_sha256_process
                0x0000000034185ac8      0x144 modules/mbedtls/libmbedTLSBase.a(sha256.c.obj)
                0x0000000034185ac8                mbedtls_internal_sha256_process
 .text.z_fatal_error
                0x0000000034185c0c       0x30 zephyr/kernel/libkernel.a(fatal.c.obj)
                0x0000000034185c0c                z_fatal_error
 .text.z_sys_init_run_level
                0x0000000034185c3c       0x30 zephyr/kernel/libkernel.a(init.c.obj)
 .text.bg_thread_main
                0x0000000034185c6c       0xc0 zephyr/kernel/libkernel.a(init.c.obj)
 .text.z_init_cpu
                0x0000000034185d2c       0x68 zephyr/kernel/libkernel.a(init.c.obj)
                0x0000000034185d2c                z_init_cpu
 .text.z_cstart
                0x0000000034185d94       0xe8 zephyr/kernel/libkernel.a(init.c.obj)
                0x0000000034185d94                z_cstart
 .text.z_impl_k_sem_give
                0x0000000034185e7c       0x68 zephyr/kernel/libkernel.a(sem.c.obj)
                0x0000000034185e7c                z_impl_k_sem_give
 .text.z_impl_k_sem_take
                0x0000000034185ee4       0x4c zephyr/kernel/libkernel.a(sem.c.obj)
                0x0000000034185ee4                z_impl_k_sem_take
 .text.z_impl_k_sem_reset
                0x0000000034185f30       0x74 zephyr/kernel/libkernel.a(sem.c.obj)
                0x0000000034185f30                z_impl_k_sem_reset
 .text.z_setup_new_thread
                0x0000000034185fa4       0x7c zephyr/kernel/libkernel.a(thread.c.obj)
                0x0000000034185fa4                z_setup_new_thread
 .text.z_dummy_thread_init
                0x0000000034186020       0x18 zephyr/kernel/libkernel.a(thread.c.obj)
                0x0000000034186020                z_dummy_thread_init
 .text.z_swap_irqlock
                0x0000000034186038       0x30 zephyr/kernel/libkernel.a(sched.c.obj)
 .text.ready_thread
                0x0000000034186068       0x84 zephyr/kernel/libkernel.a(sched.c.obj)
 .text.unready_thread
                0x00000000341860ec       0x54 zephyr/kernel/libkernel.a(sched.c.obj)
 .text.add_thread_timeout
                0x0000000034186140       0x1c zephyr/kernel/libkernel.a(sched.c.obj)
 .text.move_thread_to_end_of_prio_q
                0x000000003418615c       0x90 zephyr/kernel/libkernel.a(sched.c.obj)
                0x000000003418615c                move_thread_to_end_of_prio_q
 .text.z_pend_curr
                0x00000000341861ec       0x44 zephyr/kernel/libkernel.a(sched.c.obj)
                0x00000000341861ec                z_pend_curr
 .text.z_reschedule
                0x0000000034186230       0x24 zephyr/kernel/libkernel.a(sched.c.obj)
                0x0000000034186230                z_reschedule
 .text.z_reschedule_irqlock
                0x0000000034186254       0x28 zephyr/kernel/libkernel.a(sched.c.obj)
                0x0000000034186254                z_reschedule_irqlock
 .text.k_sched_lock
                0x000000003418627c       0x28 zephyr/kernel/libkernel.a(sched.c.obj)
                0x000000003418627c                k_sched_lock
 .text.k_sched_unlock
                0x00000000341862a4       0x68 zephyr/kernel/libkernel.a(sched.c.obj)
                0x00000000341862a4                k_sched_unlock
 .text.z_sched_init
                0x000000003418630c       0x10 zephyr/kernel/libkernel.a(sched.c.obj)
                0x000000003418630c                z_sched_init
 .text.z_impl_k_wakeup
                0x000000003418631c       0x48 zephyr/kernel/libkernel.a(sched.c.obj)
                0x000000003418631c                z_impl_k_wakeup
 .text.z_impl_k_sched_current_thread_query
                0x0000000034186364        0xc zephyr/kernel/libkernel.a(sched.c.obj)
                0x0000000034186364                z_impl_k_sched_current_thread_query
 .text.z_thread_abort
                0x0000000034186370      0x140 zephyr/kernel/libkernel.a(sched.c.obj)
                0x0000000034186370                z_thread_abort
 .text.slice_timeout
                0x00000000341864b0       0x20 zephyr/kernel/libkernel.a(timeslicing.c.obj)
 .text.thread_is_sliceable
                0x00000000341864d0       0x3c zephyr/kernel/libkernel.a(timeslicing.c.obj)
                0x00000000341864d0                thread_is_sliceable
 .text.z_reset_time_slice
                0x000000003418650c       0x50 zephyr/kernel/libkernel.a(timeslicing.c.obj)
                0x000000003418650c                z_reset_time_slice
 .text.z_time_slice
                0x000000003418655c       0x60 zephyr/kernel/libkernel.a(timeslicing.c.obj)
                0x000000003418655c                z_time_slice
 .text.first    0x00000000341865bc       0x10 zephyr/kernel/libkernel.a(timeout.c.obj)
 .text.elapsed  0x00000000341865cc       0x14 zephyr/kernel/libkernel.a(timeout.c.obj)
 .text.remove_timeout
                0x00000000341865e0       0x38 zephyr/kernel/libkernel.a(timeout.c.obj)
 .text.z_add_timeout
                0x0000000034186618      0x120 zephyr/kernel/libkernel.a(timeout.c.obj)
                0x0000000034186618                z_add_timeout
 .text.sys_clock_announce
                0x0000000034186738       0xbc zephyr/kernel/libkernel.a(timeout.c.obj)
                0x0000000034186738                sys_clock_announce
 .text.sys_clock_tick_get
                0x00000000341867f4       0x30 zephyr/kernel/libkernel.a(timeout.c.obj)
                0x00000000341867f4                sys_clock_tick_get
 .text.puts     0x0000000034186824       0x40 /home/a.paleczny/zephyr-sdk-0.17.4/arm-zephyr-eabi/bin/../lib/gcc/../../picolibc/arm-zephyr-eabi/lib/thumb/v8-m.main/nofp/libc.a(libc_tinystdio_puts.c.o)
                0x0000000034186824                puts
 .text.__m_vfprintf
                0x0000000034186864      0x294 /home/a.paleczny/zephyr-sdk-0.17.4/arm-zephyr-eabi/bin/../lib/gcc/../../picolibc/arm-zephyr-eabi/lib/thumb/v8-m.main/nofp/libc.a(libc_tinystdio_vfmprintf.c.o)
                0x0000000034186864                __m_vfprintf
 .text.__libc_fini_array
                0x0000000034186af8       0x1c /home/a.paleczny/zephyr-sdk-0.17.4/arm-zephyr-eabi/bin/../lib/gcc/../../picolibc/arm-zephyr-eabi/lib/thumb/v8-m.main/nofp/libc.a(libc_misc_fini.c.o)
                0x0000000034186af8                __libc_fini_array
 .text._OffsetAbsSyms
                0x0000000034186b14        0x2 zephyr/CMakeFiles/offsets.dir/./arch/arm/core/offsets/offsets.c.obj
                0x0000000034186b14                _OffsetAbsSyms
 .text.flash_area_get_device_id
                0x0000000034186b16        0x4 app/libapp.a(flash_map_extended.c.obj)
                0x0000000034186b16                flash_area_get_device_id
 .text.flash_area_get_sector
                0x0000000034186b1a       0x36 app/libapp.a(flash_map_extended.c.obj)
                0x0000000034186b1a                flash_area_get_sector
 .text.bootutil_img_hash
                0x0000000034186b50       0x4e app/libapp.a(bootutil_img_hash.c.obj)
                0x0000000034186b50                bootutil_img_hash
 .text.bootutil_tlv_iter_begin
                0x0000000034186b9e       0x78 app/libapp.a(tlv.c.obj)
                0x0000000034186b9e                bootutil_tlv_iter_begin
 .text.bootutil_tlv_iter_next
                0x0000000034186c16       0x86 app/libapp.a(tlv.c.obj)
                0x0000000034186c16                bootutil_tlv_iter_next
 .text.bootutil_tlv_iter_is_prot
                0x0000000034186c9c       0x1c app/libapp.a(tlv.c.obj)
                0x0000000034186c9c                bootutil_tlv_iter_is_prot
 .text.boot_fih_memequal
                0x0000000034186cb8        0x4 app/libapp.a(bootutil_misc.c.obj)
                0x0000000034186cb8                boot_fih_memequal
 .text.bootutil_max_image_size
                0x0000000034186cbc        0x6 app/libapp.a(bootutil_misc.c.obj)
                0x0000000034186cbc                bootutil_max_image_size
 .text.boot_read_image_size
                0x0000000034186cc2       0x8a app/libapp.a(bootutil_misc.c.obj)
                0x0000000034186cc2                boot_read_image_size
 .text.boot_erase_region
                0x0000000034186d4c       0x7c app/libapp.a(bootutil_misc.c.obj)
                0x0000000034186d4c                boot_erase_region
 .text.boot_state_clear
                0x0000000034186dc8       0x16 app/libapp.a(bootutil_misc.c.obj)
                0x0000000034186dc8                boot_state_clear
 .text.boot_scramble_region
                0x0000000034186dde       0x10 app/libapp.a(loader.c.obj)
                0x0000000034186dde                boot_scramble_region
 .text.boot_scramble_slot
                0x0000000034186dee        0xa app/libapp.a(loader.c.obj)
                0x0000000034186dee                boot_scramble_slot
 .text.boot_open_all_flash_areas
                0x0000000034186df8       0x30 app/libapp.a(loader.c.obj)
                0x0000000034186df8                boot_open_all_flash_areas
 .text.boot_close_all_flash_areas
                0x0000000034186e28       0x1a app/libapp.a(loader.c.obj)
                0x0000000034186e28                boot_close_all_flash_areas
 .text.boot_read_image_header
                0x0000000034186e42       0x20 app/libapp.a(swap_scratch.c.obj)
                0x0000000034186e42                boot_read_image_header
 .text.boot_get_image_exec_ram_info
                0x0000000034186e62       0x10 app/libapp.a(ram_load.c.obj)
                0x0000000034186e62                boot_get_image_exec_ram_info
 .text.arch_printk_char_out
                0x0000000034186e72        0x4 zephyr/libzephyr.a(printk.c.obj)
                0x0000000034186e72                arch_printk_char_out
 .text.printk   0x0000000034186e76       0x1a zephyr/libzephyr.a(printk.c.obj)
                0x0000000034186e76                printk
 .text._ConfigAbsSyms
                0x0000000034186e90        0x2 zephyr/libzephyr.a(configs.c.obj)
                0x0000000034186e90                _ConfigAbsSyms
 .text.HAL_GetTick
                0x0000000034186e92       0x10 zephyr/libzephyr.a(stm32cube_hal.c.obj)
                0x0000000034186e92                HAL_GetTick
 .text.soc_reset_hook
                0x0000000034186ea2        0x4 zephyr/libzephyr.a(soc.c.obj)
                0x0000000034186ea2                soc_reset_hook
 .text.z_log_minimal_printk
                0x0000000034186ea6       0x1a zephyr/libzephyr.a(log_minimal.c.obj)
                0x0000000034186ea6                z_log_minimal_printk
 .text.is_in_flash_area_bounds
                0x0000000034186ec0       0x1c zephyr/libzephyr.a(flash_map.c.obj)
 .text.flash_area_close
                0x0000000034186edc        0x2 zephyr/libzephyr.a(flash_map.c.obj)
                0x0000000034186edc                flash_area_close
 .text.flash_area_read
                0x0000000034186ede       0x2c zephyr/libzephyr.a(flash_map.c.obj)
                0x0000000034186ede                flash_area_read
 .text.flash_area_erase
                0x0000000034186f0a       0x2a zephyr/libzephyr.a(flash_map.c.obj)
                0x0000000034186f0a                flash_area_erase
 .text.flash_area_erased_val
                0x0000000034186f34        0xe zephyr/libzephyr.a(flash_map.c.obj)
                0x0000000034186f34                flash_area_erased_val
 .text.arch_early_memset
                0x0000000034186f42        0x4 zephyr/arch/common/libarch__common.a(init.c.obj)
                0x0000000034186f42                arch_early_memset
 .text.z_arm_fatal_error
                0x0000000034186f46        0xc zephyr/arch/arch/arm/core/libarch__arm__core.a(fatal.c.obj)
                0x0000000034186f46                z_arm_fatal_error
 .text.z_do_kernel_oops
                0x0000000034186f52        0x8 zephyr/arch/arch/arm/core/libarch__arm__core.a(fatal.c.obj)
                0x0000000034186f52                z_do_kernel_oops
 .text.z_arm_nmi
                0x0000000034186f5a        0xe zephyr/arch/arch/arm/core/libarch__arm__core.a(nmi.c.obj)
                0x0000000034186f5a                z_arm_nmi
 .text.z_irq_spurious
                0x0000000034186f68        0x8 zephyr/arch/arch/arm/core/cortex_m/libarch__arm__core__cortex_m.a(irq_manage.c.obj)
                0x0000000034186f68                z_irq_spurious
 .text.configure_builtin_stack_guard
                0x0000000034186f70        0x8 zephyr/arch/arch/arm/core/cortex_m/libarch__arm__core__cortex_m.a(thread.c.obj)
                0x0000000034186f70                configure_builtin_stack_guard
 .text.arch_coprocessors_disable
                0x0000000034186f78        0x6 zephyr/arch/arch/arm/core/cortex_m/libarch__arm__core__cortex_m.a(thread.c.obj)
                0x0000000034186f78                arch_coprocessors_disable
 .text.arch_irq_unlock_outlined
                0x0000000034186f7e        0xe zephyr/arch/arch/arm/core/cortex_m/libarch__arm__core__cortex_m.a(thread.c.obj)
                0x0000000034186f7e                arch_irq_unlock_outlined
 .text.arch_cpu_idle
                0x0000000034186f8c       0x1a zephyr/arch/arch/arm/core/cortex_m/libarch__arm__core__cortex_m.a(cpu_idle.c.obj)
                0x0000000034186f8c                arch_cpu_idle
 .text.arm_cmse_mpu_region_get
                0x0000000034186fa6       0x12 zephyr/arch/arch/arm/core/cortex_m/cmse/libarch__arm__core__cortex_m__cmse.a(arm_core_cmse.c.obj)
                0x0000000034186fa6                arm_cmse_mpu_region_get
 .text.mpu_configure_region
                0x0000000034186fb8       0x38 zephyr/arch/arch/arm/core/mpu/libarch__arm__core__mpu.a(arm_mpu.c.obj)
 .text.__assert_no_args
                0x0000000034186ff0        0x6 zephyr/lib/libc/picolibc/liblib__libc__picolibc.a(assert.c.obj)
                0x0000000034186ff0                __assert_no_args
 .text.picolibc_put
                0x0000000034186ff6        0xa zephyr/lib/libc/picolibc/liblib__libc__picolibc.a(stdio.c.obj)
 .text.free     0x0000000034187000        0x2 zephyr/lib/libc/common/liblib__libc__common.a(malloc.c.obj)
                0x0000000034187000                free
 .text.stm32_exti_gpio_intc_init
                0x0000000034187002      0x126 zephyr/drivers/interrupt_controller/libdrivers__interrupt_controller.a(intc_gpio_stm32.c.obj)
 .text.stm32_gpio_intc_get_pin_irq_line
                0x0000000034187128        0xa zephyr/drivers/interrupt_controller/libdrivers__interrupt_controller.a(intc_gpio_stm32.c.obj)
                0x0000000034187128                stm32_gpio_intc_get_pin_irq_line
 .text.stm32_exti_set_line_src_port
                0x0000000034187132       0x26 zephyr/drivers/interrupt_controller/libdrivers__interrupt_controller.a(intc_gpio_stm32.c.obj)
                0x0000000034187132                stm32_exti_set_line_src_port
 .text.stm32_clock_control_configure
                0x0000000034187158       0x52 zephyr/drivers/clock_control/libdrivers__clock_control.a(clock_stm32_ll_n6.c.obj)
 .text.stm32_clock_control_get_status
                0x00000000341871aa       0x38 zephyr/drivers/clock_control/libdrivers__clock_control.a(clock_stm32_ll_n6.c.obj)
 .text.extract_instr
                0x00000000341871e2       0x1e zephyr/drivers/flash/libdrivers__flash.a(jesd216.c.obj)
 .text.jesd216_bfp_read_support
                0x0000000034187200       0xdc zephyr/drivers/flash/libdrivers__flash.a(jesd216.c.obj)
                0x0000000034187200                jesd216_bfp_read_support
 .text.jesd216_bfp_erase
                0x00000000341872dc       0x2c zephyr/drivers/flash/libdrivers__flash.a(jesd216.c.obj)
                0x00000000341872dc                jesd216_bfp_erase
 .text.jesd216_bfp_decode_dw15
                0x0000000034187308       0x50 zephyr/drivers/flash/libdrivers__flash.a(jesd216.c.obj)
                0x0000000034187308                jesd216_bfp_decode_dw15
 .text.flash_get_page_info
                0x0000000034187358       0x62 zephyr/drivers/flash/libdrivers__flash.a(flash_page_layout.c.obj)
 .text.z_impl_flash_get_page_info_by_offs
                0x00000000341873ba        0x8 zephyr/drivers/flash/libdrivers__flash.a(flash_page_layout.c.obj)
                0x00000000341873ba                z_impl_flash_get_page_info_by_offs
 .text.flash_stm32_xspi_pages_layout
                0x00000000341873c2        0xc zephyr/drivers/flash/libdrivers__flash.a(flash_stm32_xspi.c.obj)
 .text.flash_stm32_xspi_get_size
                0x00000000341873ce        0xc zephyr/drivers/flash/libdrivers__flash.a(flash_stm32_xspi.c.obj)
 .text.k_sem_give
                0x00000000341873da        0x4 zephyr/drivers/flash/libdrivers__flash.a(flash_stm32_xspi.c.obj)
 .text.xspi_write_access
                0x00000000341873de       0x54 zephyr/drivers/flash/libdrivers__flash.a(flash_stm32_xspi.c.obj)
 .text.xspi_read_sfdp
                0x0000000034187432       0x86 zephyr/drivers/flash/libdrivers__flash.a(flash_stm32_xspi.c.obj)
 .text.flash_stm32_xspi_irq_config_func
                0x00000000341874b8       0x16 zephyr/drivers/flash/libdrivers__flash.a(flash_stm32_xspi.c.obj)
 .text.flash_stm32_xspi_isr
                0x00000000341874ce        0x6 zephyr/drivers/flash/libdrivers__flash.a(flash_stm32_xspi.c.obj)
 .text.stm32_xspi_read_cfg2reg.constprop.0
                0x00000000341874d4       0x58 zephyr/drivers/flash/libdrivers__flash.a(flash_stm32_xspi.c.obj)
 .text.xspi_send_cmd.isra.0
                0x000000003418752c        0xe zephyr/drivers/flash/libdrivers__flash.a(flash_stm32_xspi.c.obj)
 .text.stm32_xspi_set_memorymap
                0x000000003418753a      0x13a zephyr/drivers/flash/libdrivers__flash.a(flash_stm32_xspi.c.obj)
 .text.xspi_lock_thread.isra.0
                0x0000000034187674        0xe zephyr/drivers/flash/libdrivers__flash.a(flash_stm32_xspi.c.obj)
 .text.flash_stm32_xspi_read
                0x0000000034187682       0x6c zephyr/drivers/flash/libdrivers__flash.a(flash_stm32_xspi.c.obj)
 .text.stm32_xspi_wait_auto_polling.isra.0
                0x00000000341876ee       0x3c zephyr/drivers/flash/libdrivers__flash.a(flash_stm32_xspi.c.obj)
 .text.stm32_xspi_mem_ready
                0x000000003418772a       0x8c zephyr/drivers/flash/libdrivers__flash.a(flash_stm32_xspi.c.obj)
 .text.stm32_xspi_write_enable
                0x00000000341877b6       0xc6 zephyr/drivers/flash/libdrivers__flash.a(flash_stm32_xspi.c.obj)
 .text.flash_stm32_xspi_write
                0x000000003418787c      0x164 zephyr/drivers/flash/libdrivers__flash.a(flash_stm32_xspi.c.obj)
 .text.stm32_xspi_read_status_register
                0x00000000341879e0       0x6a zephyr/drivers/flash/libdrivers__flash.a(flash_stm32_xspi.c.obj)
 .text.HAL_DMA_Abort_IT
                0x0000000034187a4a        0x4 zephyr/drivers/flash/libdrivers__flash.a(flash_stm32_xspi.c.obj)
                0x0000000034187a4a                HAL_DMA_Abort_IT
 .text.HAL_DMA_Abort
                0x0000000034187a4e        0x4 zephyr/drivers/flash/libdrivers__flash.a(flash_stm32_xspi.c.obj)
                0x0000000034187a4e                HAL_DMA_Abort
 .text.HAL_XSPI_ErrorCallback
                0x0000000034187a52        0xc zephyr/drivers/flash/libdrivers__flash.a(flash_stm32_xspi.c.obj)
                0x0000000034187a52                HAL_XSPI_ErrorCallback
 .text.HAL_XSPI_CmdCpltCallback
                0x0000000034187a5e        0x6 zephyr/drivers/flash/libdrivers__flash.a(flash_stm32_xspi.c.obj)
                0x0000000034187a5e                HAL_XSPI_CmdCpltCallback
 .text.HAL_XSPI_RxCpltCallback
                0x0000000034187a64        0x6 zephyr/drivers/flash/libdrivers__flash.a(flash_stm32_xspi.c.obj)
                0x0000000034187a64                HAL_XSPI_RxCpltCallback
 .text.HAL_XSPI_TxCpltCallback
                0x0000000034187a6a        0x6 zephyr/drivers/flash/libdrivers__flash.a(flash_stm32_xspi.c.obj)
                0x0000000034187a6a                HAL_XSPI_TxCpltCallback
 .text.HAL_XSPI_StatusMatchCallback
                0x0000000034187a70        0x6 zephyr/drivers/flash/libdrivers__flash.a(flash_stm32_xspi.c.obj)
                0x0000000034187a70                HAL_XSPI_StatusMatchCallback
 .text.HAL_XSPI_TimeOutCallback
                0x0000000034187a76        0x4 zephyr/drivers/flash/libdrivers__flash.a(flash_stm32_xspi.c.obj)
                0x0000000034187a76                HAL_XSPI_TimeOutCallback
 .text.gpio_stm32_port_get_raw
                0x0000000034187a7a        0xc zephyr/drivers/gpio/libdrivers__gpio.a(gpio_stm32.c.obj)
 .text.gpio_stm32_port_set_masked_raw
                0x0000000034187a86       0x12 zephyr/drivers/gpio/libdrivers__gpio.a(gpio_stm32.c.obj)
 .text.gpio_stm32_port_set_bits_raw
                0x0000000034187a98        0xa zephyr/drivers/gpio/libdrivers__gpio.a(gpio_stm32.c.obj)
 .text.gpio_stm32_port_clear_bits_raw
                0x0000000034187aa2        0xa zephyr/drivers/gpio/libdrivers__gpio.a(gpio_stm32.c.obj)
 .text.gpio_stm32_port_toggle_bits
                0x0000000034187aac        0xe zephyr/drivers/gpio/libdrivers__gpio.a(gpio_stm32.c.obj)
 .text.gpio_stm32_manage_callback
                0x0000000034187aba       0x52 zephyr/drivers/gpio/libdrivers__gpio.a(gpio_stm32.c.obj)
 .text.gpio_stm32_configure_raw.isra.0
                0x0000000034187b0c       0xc6 zephyr/drivers/gpio/libdrivers__gpio.a(gpio_stm32.c.obj)
 .text.gpio_stm32_config
                0x0000000034187bd2       0xdc zephyr/drivers/gpio/libdrivers__gpio.a(gpio_stm32.c.obj)
 .text.gpio_stm32_isr
                0x0000000034187cae       0x2a zephyr/drivers/gpio/libdrivers__gpio.a(gpio_stm32.c.obj)
 .text.gpio_stm32_configure
                0x0000000034187cd8       0x2a zephyr/drivers/gpio/libdrivers__gpio.a(gpio_stm32.c.obj)
                0x0000000034187cd8                gpio_stm32_configure
 .text.pinctrl_lookup_state
                0x0000000034187d02       0x26 zephyr/drivers/pinctrl/libdrivers__pinctrl.a(common.c.obj)
                0x0000000034187d02                pinctrl_lookup_state
 .text.reset_stm32_status
                0x0000000034187d28       0x20 zephyr/drivers/reset/libdrivers__reset.a(reset_stm32.c.obj)
 .text.reset_stm32_line_assert
                0x0000000034187d48       0x1c zephyr/drivers/reset/libdrivers__reset.a(reset_stm32.c.obj)
 .text.reset_stm32_line_deassert
                0x0000000034187d64       0x1e zephyr/drivers/reset/libdrivers__reset.a(reset_stm32.c.obj)
 .text.reset_stm32_line_toggle
                0x0000000034187d82       0x16 zephyr/drivers/reset/libdrivers__reset.a(reset_stm32.c.obj)
 .text.uart_stm32_ll2cfg_databits
                0x0000000034187d98       0x2a zephyr/drivers/serial/libdrivers__serial.a(uart_stm32.c.obj)
 .text.uart_stm32_err_check
                0x0000000034187dc2       0x66 zephyr/drivers/serial/libdrivers__serial.a(uart_stm32.c.obj)
 .text.uart_stm32_poll_out
                0x0000000034187e28       0x36 zephyr/drivers/serial/libdrivers__serial.a(uart_stm32.c.obj)
 .text.uart_stm32_poll_in
                0x0000000034187e5e       0x20 zephyr/drivers/serial/libdrivers__serial.a(uart_stm32.c.obj)
 .text.uart_stm32_config_get
                0x0000000034187e7e       0x92 zephyr/drivers/serial/libdrivers__serial.a(uart_stm32.c.obj)
 .text.uart_stm32_set_baudrate
                0x0000000034187f10       0x52 zephyr/drivers/serial/libdrivers__serial.a(uart_stm32.c.obj)
 .text.sys_clock_disable
                0x0000000034187f62        0xe zephyr/drivers/timer/libdrivers__timer.a(cortex_m_systick.c.obj)
                0x0000000034187f62                sys_clock_disable
 .text.XSPI_WaitFlagStateUntilTimeout
                0x0000000034187f70       0x4c modules/hal_stm32/stm32cube/lib..__modules__hal__stm32__stm32cube.a(stm32n6xx_hal_xspi.c.obj)
 .text.HAL_XSPI_MspInit
                0x0000000034187fbc        0x2 modules/hal_stm32/stm32cube/lib..__modules__hal__stm32__stm32cube.a(stm32n6xx_hal_xspi.c.obj)
                0x0000000034187fbc                HAL_XSPI_MspInit
 .text.HAL_XSPI_Command
                0x0000000034187fbe       0xa2 modules/hal_stm32/stm32cube/lib..__modules__hal__stm32__stm32cube.a(stm32n6xx_hal_xspi.c.obj)
                0x0000000034187fbe                HAL_XSPI_Command
 .text.HAL_XSPI_Transmit
                0x0000000034188060       0x88 modules/hal_stm32/stm32cube/lib..__modules__hal__stm32__stm32cube.a(stm32n6xx_hal_xspi.c.obj)
                0x0000000034188060                HAL_XSPI_Transmit
 .text.HAL_XSPI_Receive
                0x00000000341880e8       0xae modules/hal_stm32/stm32cube/lib..__modules__hal__stm32__stm32cube.a(stm32n6xx_hal_xspi.c.obj)
                0x00000000341880e8                HAL_XSPI_Receive
 .text.HAL_XSPI_Transmit_IT
                0x0000000034188196       0x42 modules/hal_stm32/stm32cube/lib..__modules__hal__stm32__stm32cube.a(stm32n6xx_hal_xspi.c.obj)
                0x0000000034188196                HAL_XSPI_Transmit_IT
 .text.HAL_XSPI_Receive_IT
                0x00000000341881d8       0x6a modules/hal_stm32/stm32cube/lib..__modules__hal__stm32__stm32cube.a(stm32n6xx_hal_xspi.c.obj)
                0x00000000341881d8                HAL_XSPI_Receive_IT
 .text.HAL_XSPI_AutoPolling_IT
                0x0000000034188242       0x94 modules/hal_stm32/stm32cube/lib..__modules__hal__stm32__stm32cube.a(stm32n6xx_hal_xspi.c.obj)
                0x0000000034188242                HAL_XSPI_AutoPolling_IT
 .text.HAL_XSPI_MemoryMapped
                0x00000000341882d6       0x88 modules/hal_stm32/stm32cube/lib..__modules__hal__stm32__stm32cube.a(stm32n6xx_hal_xspi.c.obj)
                0x00000000341882d6                HAL_XSPI_MemoryMapped
 .text.HAL_XSPI_AbortCpltCallback
                0x000000003418835e        0x2 modules/hal_stm32/stm32cube/lib..__modules__hal__stm32__stm32cube.a(stm32n6xx_hal_xspi.c.obj)
                0x000000003418835e                HAL_XSPI_AbortCpltCallback
 .text.XSPI_DMAAbortCplt
                0x0000000034188360       0x48 modules/hal_stm32/stm32cube/lib..__modules__hal__stm32__stm32cube.a(stm32n6xx_hal_xspi.c.obj)
 .text.HAL_XSPI_FifoThresholdCallback
                0x00000000341883a8        0x2 modules/hal_stm32/stm32cube/lib..__modules__hal__stm32__stm32cube.a(stm32n6xx_hal_xspi.c.obj)
                0x00000000341883a8                HAL_XSPI_FifoThresholdCallback
 .text.HAL_XSPI_Abort
                0x00000000341883aa       0x9c modules/hal_stm32/stm32cube/lib..__modules__hal__stm32__stm32cube.a(stm32n6xx_hal_xspi.c.obj)
                0x00000000341883aa                HAL_XSPI_Abort
 .text.LL_RCC_CalcPLLClockFreq
                0x0000000034188446       0x6c modules/hal_stm32/stm32cube/lib..__modules__hal__stm32__stm32cube.a(stm32n6xx_ll_rcc.c.obj)
                0x0000000034188446                LL_RCC_CalcPLLClockFreq
 .text.mbedtls_asn1_get_len
                0x00000000341884b2       0x6a modules/mbedtls/libmbedTLSBase.a(asn1parse.c.obj)
                0x00000000341884b2                mbedtls_asn1_get_len
 .text.mbedtls_asn1_get_tag
                0x000000003418851c       0x28 modules/mbedtls/libmbedTLSBase.a(asn1parse.c.obj)
                0x000000003418851c                mbedtls_asn1_get_tag
 .text.mbedtls_asn1_get_mpi
                0x0000000034188544       0x26 modules/mbedtls/libmbedTLSBase.a(asn1parse.c.obj)
                0x0000000034188544                mbedtls_asn1_get_mpi
 .text.mbedtls_mpi_core_bitlen
                0x000000003418856a       0x2e modules/mbedtls/libmbedTLSBase.a(bignum_core.c.obj)
                0x000000003418856a                mbedtls_mpi_core_bitlen
 .text.mbedtls_mpi_core_bigendian_to_host
                0x0000000034188598       0x26 modules/mbedtls/libmbedTLSBase.a(bignum_core.c.obj)
                0x0000000034188598                mbedtls_mpi_core_bigendian_to_host
 .text.mbedtls_mpi_core_read_be
                0x00000000341885be       0x4a modules/mbedtls/libmbedTLSBase.a(bignum_core.c.obj)
                0x00000000341885be                mbedtls_mpi_core_read_be
 .text.mbedtls_mpi_core_write_be
                0x0000000034188608       0x68 modules/mbedtls/libmbedTLSBase.a(bignum_core.c.obj)
                0x0000000034188608                mbedtls_mpi_core_write_be
 .text.mbedtls_mpi_core_shift_r
                0x0000000034188670       0x88 modules/mbedtls/libmbedTLSBase.a(bignum_core.c.obj)
                0x0000000034188670                mbedtls_mpi_core_shift_r
 .text.mbedtls_mpi_core_shift_l
                0x00000000341886f8       0x88 modules/mbedtls/libmbedTLSBase.a(bignum_core.c.obj)
                0x00000000341886f8                mbedtls_mpi_core_shift_l
 .text.mbedtls_mpi_core_add
                0x0000000034188780       0x2e modules/mbedtls/libmbedTLSBase.a(bignum_core.c.obj)
                0x0000000034188780                mbedtls_mpi_core_add
 .text.mbedtls_mpi_core_sub
                0x00000000341887ae       0x38 modules/mbedtls/libmbedTLSBase.a(bignum_core.c.obj)
                0x00000000341887ae                mbedtls_mpi_core_sub
 .text.mbedtls_mpi_core_mla
                0x00000000341887e6      0x17c modules/mbedtls/libmbedTLSBase.a(bignum_core.c.obj)
                0x00000000341887e6                mbedtls_mpi_core_mla
 .text.mbedtls_mpi_core_montmul_init
                0x0000000034188962       0x22 modules/mbedtls/libmbedTLSBase.a(bignum_core.c.obj)
                0x0000000034188962                mbedtls_mpi_core_montmul_init
 .text.mbedtls_mpi_core_montmul
                0x0000000034188984       0x96 modules/mbedtls/libmbedTLSBase.a(bignum_core.c.obj)
                0x0000000034188984                mbedtls_mpi_core_montmul
 .text.mbedtls_mpi_core_get_mont_r2_unsafe
                0x0000000034188a1a       0x34 modules/mbedtls/libmbedTLSBase.a(bignum_core.c.obj)
                0x0000000034188a1a                mbedtls_mpi_core_get_mont_r2_unsafe
 .text.mbedtls_mpi_core_exp_mod_working_limbs
                0x0000000034188a4e       0x16 modules/mbedtls/libmbedTLSBase.a(bignum_core.c.obj)
                0x0000000034188a4e                mbedtls_mpi_core_exp_mod_working_limbs
 .text.mbedtls_mpi_core_exp_mod
                0x0000000034188a64       0x20 modules/mbedtls/libmbedTLSBase.a(bignum_core.c.obj)
                0x0000000034188a64                mbedtls_mpi_core_exp_mod
 .text.mbedtls_mpi_core_exp_mod_unsafe
                0x0000000034188a84       0x22 modules/mbedtls/libmbedTLSBase.a(bignum_core.c.obj)
                0x0000000034188a84                mbedtls_mpi_core_exp_mod_unsafe
 .text.mbedtls_mpi_core_sub_int
                0x0000000034188aa6       0x24 modules/mbedtls/libmbedTLSBase.a(bignum_core.c.obj)
                0x0000000034188aa6                mbedtls_mpi_core_sub_int
 .text.mbedtls_mpi_core_check_zero_ct
                0x0000000034188aca       0x1a modules/mbedtls/libmbedTLSBase.a(bignum_core.c.obj)
                0x0000000034188aca                mbedtls_mpi_core_check_zero_ct
 .text.mbedtls_mpi_core_to_mont_rep
                0x0000000034188ae4       0x18 modules/mbedtls/libmbedTLSBase.a(bignum_core.c.obj)
                0x0000000034188ae4                mbedtls_mpi_core_to_mont_rep
 .text.mbedtls_mpi_core_from_mont_rep
                0x0000000034188afc       0x20 modules/mbedtls/libmbedTLSBase.a(bignum_core.c.obj)
                0x0000000034188afc                mbedtls_mpi_core_from_mont_rep
 .text.mbedtls_mpi_init
                0x0000000034188b1c        0xa modules/mbedtls/libmbedTLSBase.a(bignum.c.obj)
                0x0000000034188b1c                mbedtls_mpi_init
 .text.mbedtls_mpi_free
                0x0000000034188b26       0x1c modules/mbedtls/libmbedTLSBase.a(bignum.c.obj)
                0x0000000034188b26                mbedtls_mpi_free
 .text.mbedtls_mpi_grow
                0x0000000034188b42       0x48 modules/mbedtls/libmbedTLSBase.a(bignum.c.obj)
                0x0000000034188b42                mbedtls_mpi_grow
 .text.mbedtls_mpi_resize_clear
                0x0000000034188b8a       0x36 modules/mbedtls/libmbedTLSBase.a(bignum.c.obj)
 .text.mbedtls_mpi_shrink
                0x0000000034188bc0       0x68 modules/mbedtls/libmbedTLSBase.a(bignum.c.obj)
                0x0000000034188bc0                mbedtls_mpi_shrink
 .text.mbedtls_mpi_copy
                0x0000000034188c28       0x6c modules/mbedtls/libmbedTLSBase.a(bignum.c.obj)
                0x0000000034188c28                mbedtls_mpi_copy
 .text.mbedtls_mpi_lset
                0x0000000034188c94       0x38 modules/mbedtls/libmbedTLSBase.a(bignum.c.obj)
                0x0000000034188c94                mbedtls_mpi_lset
 .text.mbedtls_mpi_get_bit
                0x0000000034188ccc       0x20 modules/mbedtls/libmbedTLSBase.a(bignum.c.obj)
                0x0000000034188ccc                mbedtls_mpi_get_bit
 .text.mbedtls_mpi_bitlen
                0x0000000034188cec        0x8 modules/mbedtls/libmbedTLSBase.a(bignum.c.obj)
                0x0000000034188cec                mbedtls_mpi_bitlen
 .text.mbedtls_mpi_size
                0x0000000034188cf4        0xc modules/mbedtls/libmbedTLSBase.a(bignum.c.obj)
                0x0000000034188cf4                mbedtls_mpi_size
 .text.mbedtls_mpi_read_binary
                0x0000000034188d00       0x2c modules/mbedtls/libmbedTLSBase.a(bignum.c.obj)
                0x0000000034188d00                mbedtls_mpi_read_binary
 .text.mbedtls_mpi_write_binary
                0x0000000034188d2c        0xc modules/mbedtls/libmbedTLSBase.a(bignum.c.obj)
                0x0000000034188d2c                mbedtls_mpi_write_binary
 .text.mbedtls_mpi_shift_l
                0x0000000034188d38       0x3a modules/mbedtls/libmbedTLSBase.a(bignum.c.obj)
                0x0000000034188d38                mbedtls_mpi_shift_l
 .text.mbedtls_mpi_shift_r
                0x0000000034188d72       0x12 modules/mbedtls/libmbedTLSBase.a(bignum.c.obj)
                0x0000000034188d72                mbedtls_mpi_shift_r
 .text.mbedtls_mpi_cmp_abs
                0x0000000034188d84       0x68 modules/mbedtls/libmbedTLSBase.a(bignum.c.obj)
                0x0000000034188d84                mbedtls_mpi_cmp_abs
 .text.mbedtls_mpi_cmp_mpi
                0x0000000034188dec       0x94 modules/mbedtls/libmbedTLSBase.a(bignum.c.obj)
                0x0000000034188dec                mbedtls_mpi_cmp_mpi
 .text.mbedtls_mpi_cmp_int
                0x0000000034188e80       0x30 modules/mbedtls/libmbedTLSBase.a(bignum.c.obj)
                0x0000000034188e80                mbedtls_mpi_cmp_int
 .text.mbedtls_mpi_add_abs
                0x0000000034188eb0       0x94 modules/mbedtls/libmbedTLSBase.a(bignum.c.obj)
                0x0000000034188eb0                mbedtls_mpi_add_abs
 .text.mbedtls_mpi_sub_abs
                0x0000000034188f44       0xa6 modules/mbedtls/libmbedTLSBase.a(bignum.c.obj)
                0x0000000034188f44                mbedtls_mpi_sub_abs
 .text.add_sub_mpi
                0x0000000034188fea       0x62 modules/mbedtls/libmbedTLSBase.a(bignum.c.obj)
 .text.mbedtls_mpi_add_mpi
                0x000000003418904c        0x6 modules/mbedtls/libmbedTLSBase.a(bignum.c.obj)
                0x000000003418904c                mbedtls_mpi_add_mpi
 .text.mbedtls_mpi_sub_mpi
                0x0000000034189052        0x8 modules/mbedtls/libmbedTLSBase.a(bignum.c.obj)
                0x0000000034189052                mbedtls_mpi_sub_mpi
 .text.mbedtls_mpi_mul_int
                0x000000003418905a       0x66 modules/mbedtls/libmbedTLSBase.a(bignum.c.obj)
                0x000000003418905a                mbedtls_mpi_mul_int
 .text.mbedtls_mpi_mod_mpi
                0x00000000341890c0       0x64 modules/mbedtls/libmbedTLSBase.a(bignum.c.obj)
                0x00000000341890c0                mbedtls_mpi_mod_mpi
 .text.mbedtls_mpi_exp_mod_optionally_safe
                0x0000000034189124      0x1da modules/mbedtls/libmbedTLSBase.a(bignum.c.obj)
 .text.mbedtls_mpi_exp_mod_unsafe
                0x00000000341892fe       0x14 modules/mbedtls/libmbedTLSBase.a(bignum.c.obj)
                0x00000000341892fe                mbedtls_mpi_exp_mod_unsafe
 .text.mbedtls_zeroize_and_free
                0x0000000034189312       0x14 modules/mbedtls/libmbedTLSBase.a(platform_util.c.obj)
                0x0000000034189312                mbedtls_zeroize_and_free
 .text.mbedtls_rsa_import
                0x0000000034189326       0x86 modules/mbedtls/libmbedTLSBase.a(rsa.c.obj)
                0x0000000034189326                mbedtls_rsa_import
 .text.mbedtls_rsa_init
                0x00000000341893ac        0x8 modules/mbedtls/libmbedTLSBase.a(rsa.c.obj)
                0x00000000341893ac                mbedtls_rsa_init
 .text.mbedtls_rsa_get_len
                0x00000000341893b4        0x4 modules/mbedtls/libmbedTLSBase.a(rsa.c.obj)
                0x00000000341893b4                mbedtls_rsa_get_len
 .text.mbedtls_rsa_free
                0x00000000341893b8       0x72 modules/mbedtls/libmbedTLSBase.a(rsa.c.obj)
                0x00000000341893b8                mbedtls_rsa_free
 .text.mbedtls_sha256_init
                0x000000003418942a        0x8 modules/mbedtls/libmbedTLSBase.a(sha256.c.obj)
                0x000000003418942a                mbedtls_sha256_init
 .text.mbedtls_sha256_free
                0x0000000034189432        0xa modules/mbedtls/libmbedTLSBase.a(sha256.c.obj)
                0x0000000034189432                mbedtls_sha256_free
 .text.mbedtls_sha256_update
                0x000000003418943c       0x7e modules/mbedtls/libmbedTLSBase.a(sha256.c.obj)
                0x000000003418943c                mbedtls_sha256_update
 .text.mbedtls_sha256_finish
                0x00000000341894ba       0x9c modules/mbedtls/libmbedTLSBase.a(sha256.c.obj)
                0x00000000341894ba                mbedtls_sha256_finish
 .text._mbedtls_init
                0x0000000034189556        0x4 modules/mbedtls/libmbedTLSBase.a(zephyr_init.c.obj)
 .text.boot_swap_info_off
                0x000000003418955a        0xc modules/mcuboot/libmcuboot_util.a(bootutil_public.c.obj)
                0x000000003418955a                boot_swap_info_off
 .text.z_impl_k_busy_wait
                0x0000000034189566       0x1e zephyr/kernel/libkernel.a(busy_wait.c.obj)
                0x0000000034189566                z_impl_k_busy_wait
 .text.do_device_init
                0x0000000034189584       0x30 zephyr/kernel/libkernel.a(device.c.obj)
                0x0000000034189584                do_device_init
 .text.z_impl_device_is_ready
                0x00000000341895b4       0x16 zephyr/kernel/libkernel.a(device.c.obj)
                0x00000000341895b4                z_impl_device_is_ready
 .text.arch_system_halt
                0x00000000341895ca       0x10 zephyr/kernel/libkernel.a(fatal.c.obj)
                0x00000000341895ca                arch_system_halt
 .text.k_sys_fatal_error_handler
                0x00000000341895da        0x6 zephyr/kernel/libkernel.a(fatal.c.obj)
                0x00000000341895da                k_sys_fatal_error_handler
 .text.idle     0x00000000341895e0       0x16 zephyr/kernel/libkernel.a(idle.c.obj)
                0x00000000341895e0                idle
 .text.z_impl_k_sem_init
                0x00000000341895f6       0x18 zephyr/kernel/libkernel.a(sem.c.obj)
                0x00000000341895f6                z_impl_k_sem_init
 .text.sys_dlist_remove
                0x000000003418960e       0x10 zephyr/kernel/libkernel.a(sched.c.obj)
 .text.unpend_thread_no_timeout
                0x000000003418961e       0x14 zephyr/kernel/libkernel.a(sched.c.obj)
 .text.add_to_waitq_locked
                0x0000000034189632       0x50 zephyr/kernel/libkernel.a(sched.c.obj)
 .text.z_ready_thread
                0x0000000034189682       0x1e zephyr/kernel/libkernel.a(sched.c.obj)
                0x0000000034189682                z_ready_thread
 .text.z_sched_wake_thread
                0x00000000341896a0       0x3a zephyr/kernel/libkernel.a(sched.c.obj)
                0x00000000341896a0                z_sched_wake_thread
 .text.z_thread_timeout
                0x00000000341896da        0x8 zephyr/kernel/libkernel.a(sched.c.obj)
                0x00000000341896da                z_thread_timeout
 .text.next_timeout
                0x00000000341896e2       0x2e zephyr/kernel/libkernel.a(timeout.c.obj)
 .text.z_abort_timeout
                0x0000000034189710       0x50 zephyr/kernel/libkernel.a(timeout.c.obj)
                0x0000000034189710                z_abort_timeout
 .text.z_impl_k_uptime_ticks
                0x0000000034189760        0x4 zephyr/kernel/libkernel.a(timeout.c.obj)
                0x0000000034189760                z_impl_k_uptime_ticks
 .text.memcpy   0x0000000034189764       0x1a /home/a.paleczny/zephyr-sdk-0.17.4/arm-zephyr-eabi/bin/../lib/gcc/../../picolibc/arm-zephyr-eabi/lib/thumb/v8-m.main/nofp/libc.a(memcpy.c.o)
                0x0000000034189764                memcpy
                0x0000000034189764                __aeabi_memcpy
                0x0000000034189764                __aeabi_memcpy4
                0x0000000034189764                __aeabi_memcpy8
 .text.memset   0x000000003418977e       0x10 /home/a.paleczny/zephyr-sdk-0.17.4/arm-zephyr-eabi/bin/../lib/gcc/../../picolibc/arm-zephyr-eabi/lib/thumb/v8-m.main/nofp/libc.a(memset.c.o)
                0x000000003418977e                memset
 .text.exit     0x000000003418978e        0xe /home/a.paleczny/zephyr-sdk-0.17.4/arm-zephyr-eabi/bin/../lib/gcc/../../picolibc/arm-zephyr-eabi/lib/thumb/v8-m.main/nofp/libc.a(libc_stdlib_pico-exit.c.o)
                0x000000003418978e                exit
 .text.memcmp   0x000000003418979c       0x20 /home/a.paleczny/zephyr-sdk-0.17.4/arm-zephyr-eabi/bin/../lib/gcc/../../picolibc/arm-zephyr-eabi/lib/thumb/v8-m.main/nofp/libc.a(libc_string_memcmp.c.o)
                0x000000003418979c                memcmp
 .text.__ultoa_invert
                0x00000000341897bc       0x34 /home/a.paleczny/zephyr-sdk-0.17.4/arm-zephyr-eabi/bin/../lib/gcc/../../picolibc/arm-zephyr-eabi/lib/thumb/v8-m.main/nofp/libc.a(libc_tinystdio_vfmprintf.c.o)
 *(SORT_BY_ALIGNMENT(.TEXT.*))
 .TEXT.__aeabi_read_tp
                0x00000000341897f0        0xc zephyr/arch/arch/arm/core/cortex_m/libarch__arm__core__cortex_m.a(__aeabi_read_tp.S.obj)
                0x00000000341897f0                __aeabi_read_tp
 *(SORT_BY_ALIGNMENT(.gnu.linkonce.t.*))
 *(SORT_BY_ALIGNMENT(.glue_7t))
 .glue_7t       0x00000000341897fc        0x0 linker stubs
 *(SORT_BY_ALIGNMENT(.glue_7))
 .glue_7        0x00000000341897fc        0x0 linker stubs
 *(SORT_BY_ALIGNMENT(.vfp11_veneer))
 .vfp11_veneer  0x00000000341897fc        0x0 linker stubs
 *(SORT_BY_ALIGNMENT(.v4_bx))
 .v4_bx         0x00000000341897fc        0x0 linker stubs
                0x00000000341897fc                . = ALIGN (0x4)
                0x00000000341897fc                __text_region_end = .

.ARM.exidx      0x00000000341897fc        0x8
                0x00000000341897fc                __exidx_start = .
 *(SORT_BY_ALIGNMENT(.ARM.exidx*) SORT_BY_ALIGNMENT(gnu.linkonce.armexidx.*))
 .ARM.exidx     0x00000000341897fc        0x8 /home/a.paleczny/zephyr-sdk-0.17.4/arm-zephyr-eabi/bin/../lib/gcc/arm-zephyr-eabi/12.2.0/thumb/v8-m.main/nofp/libgcc.a(_udivmoddi4.o)
                0x0000000034189804                __exidx_end = .
                0x0000000034189804                __rodata_region_start = .

initlevel       0x0000000034189804       0xc8
                0x0000000034189804                __init_start = .
                0x0000000034189804                __init_EARLY_start = .
 *(SORT_BY_NAME(SORT_BY_ALIGNMENT(.z_init_EARLY_P_?_*)))
 *(SORT_BY_NAME(SORT_BY_ALIGNMENT(.z_init_EARLY_P_??_*)))
 *(SORT_BY_NAME(SORT_BY_ALIGNMENT(.z_init_EARLY_P_???_*)))
                0x0000000034189804                __init_PRE_KERNEL_1_start = .
 *(SORT_BY_NAME(SORT_BY_ALIGNMENT(.z_init_PRE_KERNEL_1_P_?_*)))
 .z_init_PRE_KERNEL_1_P_1_SUB_00010_
                0x0000000034189804        0x8 zephyr/drivers/clock_control/libdrivers__clock_control.a(clock_stm32_ll_n6.c.obj)
 .z_init_PRE_KERNEL_1_P_1_SUB_0_
                0x000000003418980c        0x8 zephyr/libzephyr.a(soc_config.c.obj)
 *(SORT_BY_NAME(SORT_BY_ALIGNMENT(.z_init_PRE_KERNEL_1_P_??_*)))
 .z_init_PRE_KERNEL_1_P_30_SUB_00053_
                0x0000000034189814        0x8 zephyr/drivers/clock_control/libdrivers__clock_control.a(clock_stm32_mux.c.obj)
 .z_init_PRE_KERNEL_1_P_30_SUB_00073_
                0x000000003418981c        0x8 zephyr/drivers/clock_control/libdrivers__clock_control.a(clock_stm32_mux.c.obj)
 .z_init_PRE_KERNEL_1_P_35_SUB_00041_
                0x0000000034189824        0x8 zephyr/drivers/reset/libdrivers__reset.a(reset_stm32.c.obj)
 .z_init_PRE_KERNEL_1_P_40_SUB_00012_
                0x000000003418982c        0x8 zephyr/drivers/gpio/libdrivers__gpio.a(gpio_stm32.c.obj)
 .z_init_PRE_KERNEL_1_P_40_SUB_00046_
                0x0000000034189834        0x8 zephyr/drivers/gpio/libdrivers__gpio.a(gpio_stm32.c.obj)
 .z_init_PRE_KERNEL_1_P_40_SUB_00083_
                0x000000003418983c        0x8 zephyr/drivers/gpio/libdrivers__gpio.a(gpio_stm32.c.obj)
 .z_init_PRE_KERNEL_1_P_40_SUB_00086_
                0x0000000034189844        0x8 zephyr/drivers/gpio/libdrivers__gpio.a(gpio_stm32.c.obj)
 .z_init_PRE_KERNEL_1_P_40_SUB_00087_
                0x000000003418984c        0x8 zephyr/drivers/gpio/libdrivers__gpio.a(gpio_stm32.c.obj)
 .z_init_PRE_KERNEL_1_P_40_SUB_00112_
                0x0000000034189854        0x8 zephyr/drivers/interrupt_controller/libdrivers__interrupt_controller.a(intc_exti_stm32.c.obj)
 .z_init_PRE_KERNEL_1_P_40_SUB_00122_
                0x000000003418985c        0x8 zephyr/drivers/gpio/libdrivers__gpio.a(gpio_stm32.c.obj)
 .z_init_PRE_KERNEL_1_P_40_SUB_00168_
                0x0000000034189864        0x8 zephyr/drivers/gpio/libdrivers__gpio.a(gpio_stm32.c.obj)
 .z_init_PRE_KERNEL_1_P_40_SUB_00185_
                0x000000003418986c        0x8 zephyr/drivers/gpio/libdrivers__gpio.a(gpio_stm32.c.obj)
 .z_init_PRE_KERNEL_1_P_40_SUB_00186_
                0x0000000034189874        0x8 zephyr/drivers/gpio/libdrivers__gpio.a(gpio_stm32.c.obj)
 .z_init_PRE_KERNEL_1_P_40_SUB_00187_
                0x000000003418987c        0x8 zephyr/drivers/gpio/libdrivers__gpio.a(gpio_stm32.c.obj)
 .z_init_PRE_KERNEL_1_P_40_SUB_00188_
                0x0000000034189884        0x8 zephyr/drivers/gpio/libdrivers__gpio.a(gpio_stm32.c.obj)
 .z_init_PRE_KERNEL_1_P_40_SUB_00189_
                0x000000003418988c        0x8 zephyr/drivers/gpio/libdrivers__gpio.a(gpio_stm32.c.obj)
 .z_init_PRE_KERNEL_1_P_40_SUB_0_
                0x0000000034189894        0x8 zephyr/drivers/interrupt_controller/libdrivers__interrupt_controller.a(intc_gpio_stm32.c.obj)
 .z_init_PRE_KERNEL_1_P_50_SUB_00133_
                0x000000003418989c        0x8 zephyr/drivers/serial/libdrivers__serial.a(uart_stm32.c.obj)
 .z_init_PRE_KERNEL_1_P_50_SUB_00141_
                0x00000000341898a4        0x8 zephyr/drivers/serial/libdrivers__serial.a(uart_stm32.c.obj)
 .z_init_PRE_KERNEL_1_P_60_SUB_0_
                0x00000000341898ac        0x8 zephyr/drivers/console/libdrivers__console.a(uart_console.c.obj)
 *(SORT_BY_NAME(SORT_BY_ALIGNMENT(.z_init_PRE_KERNEL_1_P_???_*)))
                0x00000000341898b4                __init_PRE_KERNEL_2_start = .
 *(SORT_BY_NAME(SORT_BY_ALIGNMENT(.z_init_PRE_KERNEL_2_P_?_*)))
 .z_init_PRE_KERNEL_2_P_0_SUB_0_
                0x00000000341898b4        0x8 zephyr/drivers/timer/libdrivers__timer.a(cortex_m_systick.c.obj)
 *(SORT_BY_NAME(SORT_BY_ALIGNMENT(.z_init_PRE_KERNEL_2_P_??_*)))
 *(SORT_BY_NAME(SORT_BY_ALIGNMENT(.z_init_PRE_KERNEL_2_P_???_*)))
                0x00000000341898bc                __init_POST_KERNEL_start = .
 *(SORT_BY_NAME(SORT_BY_ALIGNMENT(.z_init_POST_KERNEL_P_?_*)))
 *(SORT_BY_NAME(SORT_BY_ALIGNMENT(.z_init_POST_KERNEL_P_??_*)))
 .z_init_POST_KERNEL_P_40_SUB_0_
                0x00000000341898bc        0x8 modules/mbedtls/libmbedTLSBase.a(zephyr_init.c.obj)
 .z_init_POST_KERNEL_P_50_SUB_00210_
                0x00000000341898c4        0x8 zephyr/drivers/flash/libdrivers__flash.a(flash_stm32_xspi.c.obj)
 *(SORT_BY_NAME(SORT_BY_ALIGNMENT(.z_init_POST_KERNEL_P_???_*)))
                0x00000000341898cc                __init_APPLICATION_start = .
 *(SORT_BY_NAME(SORT_BY_ALIGNMENT(.z_init_APPLICATION_P_?_*)))
 *(SORT_BY_NAME(SORT_BY_ALIGNMENT(.z_init_APPLICATION_P_??_*)))
 *(SORT_BY_NAME(SORT_BY_ALIGNMENT(.z_init_APPLICATION_P_???_*)))
                0x00000000341898cc                __init_SMP_start = .
 *(SORT_BY_NAME(SORT_BY_ALIGNMENT(.z_init_SMP_P_?_*)))
 *(SORT_BY_NAME(SORT_BY_ALIGNMENT(.z_init_SMP_P_??_*)))
 *(SORT_BY_NAME(SORT_BY_ALIGNMENT(.z_init_SMP_P_???_*)))
                0x00000000341898cc                __init_end = .

device_area     0x00000000341898cc      0x280
                0x00000000341898cc                _device_list_start = .
 *(SORT_BY_NAME(SORT_BY_ALIGNMENT(._device.static.*_?_*)))
 ._device.static.1_1_
                0x00000000341898cc       0x20 zephyr/drivers/clock_control/libdrivers__clock_control.a(clock_stm32_ll_n6.c.obj)
                0x00000000341898cc                __device_dts_ord_10
 *(SORT_BY_NAME(SORT_BY_ALIGNMENT(._device.static.*_??_*)))
 ._device.static.1_30_
                0x00000000341898ec       0x40 zephyr/drivers/clock_control/libdrivers__clock_control.a(clock_stm32_mux.c.obj)
                0x00000000341898ec                __device_dts_ord_73
                0x000000003418990c                __device_dts_ord_53
 ._device.static.1_35_
                0x000000003418992c       0x20 zephyr/drivers/reset/libdrivers__reset.a(reset_stm32.c.obj)
                0x000000003418992c                __device_dts_ord_41
 ._device.static.1_40_
                0x000000003418994c       0x20 zephyr/drivers/interrupt_controller/libdrivers__interrupt_controller.a(intc_exti_stm32.c.obj)
                0x000000003418994c                __device_dts_ord_112
 ._device.static.1_40_
                0x000000003418996c      0x180 zephyr/drivers/gpio/libdrivers__gpio.a(gpio_stm32.c.obj)
                0x000000003418996c                __device_dts_ord_12
                0x000000003418998c                __device_dts_ord_189
                0x00000000341899ac                __device_dts_ord_87
                0x00000000341899cc                __device_dts_ord_122
                0x00000000341899ec                __device_dts_ord_188
                0x0000000034189a0c                __device_dts_ord_86
                0x0000000034189a2c                __device_dts_ord_187
                0x0000000034189a4c                __device_dts_ord_46
                0x0000000034189a6c                __device_dts_ord_168
                0x0000000034189a8c                __device_dts_ord_83
                0x0000000034189aac                __device_dts_ord_186
                0x0000000034189acc                __device_dts_ord_185
 ._device.static.1_50_
                0x0000000034189aec       0x40 zephyr/drivers/serial/libdrivers__serial.a(uart_stm32.c.obj)
                0x0000000034189aec                __device_dts_ord_133
                0x0000000034189b0c                __device_dts_ord_141
 ._device.static.3_50_
                0x0000000034189b2c       0x20 zephyr/drivers/flash/libdrivers__flash.a(flash_stm32_xspi.c.obj)
                0x0000000034189b2c                __device_dts_ord_210
 *(SORT_BY_NAME(SORT_BY_ALIGNMENT(._device.static.*_???_*)))
 *(SORT_BY_NAME(SORT_BY_ALIGNMENT(._device.static.*_????_*)))
 *(SORT_BY_NAME(SORT_BY_ALIGNMENT(._device.static.*_?????_*)))
                0x0000000034189b4c                _device_list_end = .

sw_isr_table    0x0000000034189b4c      0x610
                0x0000000034189b4c                . = ALIGN (0x4)
 *(SORT_BY_ALIGNMENT(.gnu.linkonce.sw_isr_table*))
 .gnu.linkonce.sw_isr_table
                0x0000000034189b4c      0x610 zephyr/arch/common/libisr_tables.a(isr_tables.c.obj)
                0x0000000034189b4c                _sw_isr_table

initlevel_error
                0x0000000034189804        0x0
 *(SORT_BY_NAME(SORT_BY_ALIGNMENT(.z_init_*)))
                0x0000000000000001                ASSERT ((SIZEOF (initlevel_error) == 0x0), Undefined initialization levels used.)

app_shmem_regions
                0x000000003418a15c        0x0
                0x000000003418a15c                __app_shmem_regions_start = .
 *(SORT_BY_NAME(SORT_BY_ALIGNMENT(.app_regions.*)))
                0x000000003418a15c                __app_shmem_regions_end = .

k_p4wq_initparam_area
                0x000000003418a15c        0x0
                0x000000003418a15c                _k_p4wq_initparam_list_start = .
 *(SORT_BY_NAME(SORT_BY_ALIGNMENT(._k_p4wq_initparam.static.*)))
                0x000000003418a15c                _k_p4wq_initparam_list_end = .

_static_thread_data_area
                0x000000003418a15c        0x0
                0x000000003418a15c                __static_thread_data_list_start = .
 *(SORT_BY_NAME(SORT_BY_ALIGNMENT(.__static_thread_data.static.*)))
                0x000000003418a15c                __static_thread_data_list_end = .

device_deps     0x000000003418a15c        0x0
                0x000000003418a15c                __device_deps_start = .
 *(SORT_BY_NAME(SORT_BY_ALIGNMENT(.__device_deps_pass2*)))
                0x000000003418a15c                __device_deps_end = .

flash_driver_api_area
                0x000000003418a15c       0x18
                0x000000003418a15c                _flash_driver_api_list_start = .
 *(SORT_BY_NAME(SORT_BY_ALIGNMENT(._flash_driver_api.static.*)))
 ._flash_driver_api.static.flash_stm32_xspi_driver_api_
                0x000000003418a15c       0x18 zephyr/drivers/flash/libdrivers__flash.a(flash_stm32_xspi.c.obj)
                0x000000003418a174                _flash_driver_api_list_end = .

gpio_driver_api_area
                0x000000003418a174       0x24
                0x000000003418a174                _gpio_driver_api_list_start = .
 *(SORT_BY_NAME(SORT_BY_ALIGNMENT(._gpio_driver_api.static.*)))
 ._gpio_driver_api.static.gpio_stm32_driver_
                0x000000003418a174       0x24 zephyr/drivers/gpio/libdrivers__gpio.a(gpio_stm32.c.obj)
                0x000000003418a198                _gpio_driver_api_list_end = .

reset_driver_api_area
                0x000000003418a198       0x10
                0x000000003418a198                _reset_driver_api_list_start = .
 *(SORT_BY_NAME(SORT_BY_ALIGNMENT(._reset_driver_api.static.*)))
 ._reset_driver_api.static.reset_stm32_driver_api_
                0x000000003418a198       0x10 zephyr/drivers/reset/libdrivers__reset.a(reset_stm32.c.obj)
                0x000000003418a1a8                _reset_driver_api_list_end = .

shared_irq_driver_api_area
                0x000000003418a1a8        0x0
                0x000000003418a1a8                _shared_irq_driver_api_list_start = .
 *(SORT_BY_NAME(SORT_BY_ALIGNMENT(._shared_irq_driver_api.static.*)))
                0x000000003418a1a8                _shared_irq_driver_api_list_end = .

crypto_driver_api_area
                0x000000003418a1a8        0x0
                0x000000003418a1a8                _crypto_driver_api_list_start = .
 *(SORT_BY_NAME(SORT_BY_ALIGNMENT(._crypto_driver_api.static.*)))
                0x000000003418a1a8                _crypto_driver_api_list_end = .

adc_driver_api_area
                0x000000003418a1a8        0x0
                0x000000003418a1a8                _adc_driver_api_list_start = .
 *(SORT_BY_NAME(SORT_BY_ALIGNMENT(._adc_driver_api.static.*)))
                0x000000003418a1a8                _adc_driver_api_list_end = .

auxdisplay_driver_api_area
                0x000000003418a1a8        0x0
                0x000000003418a1a8                _auxdisplay_driver_api_list_start = .
 *(SORT_BY_NAME(SORT_BY_ALIGNMENT(._auxdisplay_driver_api.static.*)))
                0x000000003418a1a8                _auxdisplay_driver_api_list_end = .

bbram_driver_api_area
                0x000000003418a1a8        0x0
                0x000000003418a1a8                _bbram_driver_api_list_start = .
 *(SORT_BY_NAME(SORT_BY_ALIGNMENT(._bbram_driver_api.static.*)))
                0x000000003418a1a8                _bbram_driver_api_list_end = .

bt_hci_driver_api_area
                0x000000003418a1a8        0x0
                0x000000003418a1a8                _bt_hci_driver_api_list_start = .
 *(SORT_BY_NAME(SORT_BY_ALIGNMENT(._bt_hci_driver_api.static.*)))
                0x000000003418a1a8                _bt_hci_driver_api_list_end = .

can_driver_api_area
                0x000000003418a1a8        0x0
                0x000000003418a1a8                _can_driver_api_list_start = .
 *(SORT_BY_NAME(SORT_BY_ALIGNMENT(._can_driver_api.static.*)))
                0x000000003418a1a8                _can_driver_api_list_end = .

cellular_driver_api_area
                0x000000003418a1a8        0x0
                0x000000003418a1a8                _cellular_driver_api_list_start = .
 *(SORT_BY_NAME(SORT_BY_ALIGNMENT(._cellular_driver_api.static.*)))
                0x000000003418a1a8                _cellular_driver_api_list_end = .

charger_driver_api_area
                0x000000003418a1a8        0x0
                0x000000003418a1a8                _charger_driver_api_list_start = .
 *(SORT_BY_NAME(SORT_BY_ALIGNMENT(._charger_driver_api.static.*)))
                0x000000003418a1a8                _charger_driver_api_list_end = .

clock_control_driver_api_area
                0x000000003418a1a8       0x1c
                0x000000003418a1a8                _clock_control_driver_api_list_start = .
 *(SORT_BY_NAME(SORT_BY_ALIGNMENT(._clock_control_driver_api.static.*)))
 ._clock_control_driver_api.static.stm32_clock_control_api_
                0x000000003418a1a8       0x1c zephyr/drivers/clock_control/libdrivers__clock_control.a(clock_stm32_ll_n6.c.obj)
                0x000000003418a1c4                _clock_control_driver_api_list_end = .

comparator_driver_api_area
                0x000000003418a1c4        0x0
                0x000000003418a1c4                _comparator_driver_api_list_start = .
 *(SORT_BY_NAME(SORT_BY_ALIGNMENT(._comparator_driver_api.static.*)))
                0x000000003418a1c4                _comparator_driver_api_list_end = .

coredump_driver_api_area
                0x000000003418a1c4        0x0
                0x000000003418a1c4                _coredump_driver_api_list_start = .
 *(SORT_BY_NAME(SORT_BY_ALIGNMENT(._coredump_driver_api.static.*)))
                0x000000003418a1c4                _coredump_driver_api_list_end = .

counter_driver_api_area
                0x000000003418a1c4        0x0
                0x000000003418a1c4                _counter_driver_api_list_start = .
 *(SORT_BY_NAME(SORT_BY_ALIGNMENT(._counter_driver_api.static.*)))
                0x000000003418a1c4                _counter_driver_api_list_end = .

crc_driver_api_area
                0x000000003418a1c4        0x0
                0x000000003418a1c4                _crc_driver_api_list_start = .
 *(SORT_BY_NAME(SORT_BY_ALIGNMENT(._crc_driver_api.static.*)))
                0x000000003418a1c4                _crc_driver_api_list_end = .

dac_driver_api_area
                0x000000003418a1c4        0x0
                0x000000003418a1c4                _dac_driver_api_list_start = .
 *(SORT_BY_NAME(SORT_BY_ALIGNMENT(._dac_driver_api.static.*)))
                0x000000003418a1c4                _dac_driver_api_list_end = .

dai_driver_api_area
                0x000000003418a1c4        0x0
                0x000000003418a1c4                _dai_driver_api_list_start = .
 *(SORT_BY_NAME(SORT_BY_ALIGNMENT(._dai_driver_api.static.*)))
                0x000000003418a1c4                _dai_driver_api_list_end = .

display_driver_api_area
                0x000000003418a1c4        0x0
                0x000000003418a1c4                _display_driver_api_list_start = .
 *(SORT_BY_NAME(SORT_BY_ALIGNMENT(._display_driver_api.static.*)))
                0x000000003418a1c4                _display_driver_api_list_end = .

dma_driver_api_area
                0x000000003418a1c4        0x0
                0x000000003418a1c4                _dma_driver_api_list_start = .
 *(SORT_BY_NAME(SORT_BY_ALIGNMENT(._dma_driver_api.static.*)))
                0x000000003418a1c4                _dma_driver_api_list_end = .

edac_driver_api_area
                0x000000003418a1c4        0x0
                0x000000003418a1c4                _edac_driver_api_list_start = .
 *(SORT_BY_NAME(SORT_BY_ALIGNMENT(._edac_driver_api.static.*)))
                0x000000003418a1c4                _edac_driver_api_list_end = .

eeprom_driver_api_area
                0x000000003418a1c4        0x0
                0x000000003418a1c4                _eeprom_driver_api_list_start = .
 *(SORT_BY_NAME(SORT_BY_ALIGNMENT(._eeprom_driver_api.static.*)))
                0x000000003418a1c4                _eeprom_driver_api_list_end = .

emul_bbram_driver_api_area
                0x000000003418a1c4        0x0
                0x000000003418a1c4                _emul_bbram_driver_api_list_start = .
 *(SORT_BY_NAME(SORT_BY_ALIGNMENT(._emul_bbram_driver_api.static.*)))
                0x000000003418a1c4                _emul_bbram_driver_api_list_end = .

fuel_gauge_emul_driver_api_area